<?xml version="1.0" encoding="ISO-8859-1" ?>
<link_info>
   <banner>MSP430 Linker PC v18.1.2.LTS</banner>
   <copyright>Copyright (c) 2003-2017 Texas Instruments Incorporated</copyright>
   <link_time>0x5c9ab52c</link_time>
   <link_errors>0x0</link_errors>
   <output_file>MSP Mario Kart.out</output_file>
   <entry_point>
      <name>_c_int00_noargs</name>
      <address>0x4400</address>
   </entry_point>
   <input_file_list>
      <input_file id="fl-2">
         <path>.\</path>
         <kind>object</kind>
         <file>buffer.obj</file>
         <name>buffer.obj</name>
      </input_file>
      <input_file id="fl-3">
         <path>.\</path>
         <kind>object</kind>
         <file>buffer_printf.obj</file>
         <name>buffer_printf.obj</name>
      </input_file>
      <input_file id="fl-4">
         <path>.\</path>
         <kind>object</kind>
         <file>game.obj</file>
         <name>game.obj</name>
      </input_file>
      <input_file id="fl-5">
         <path>.\</path>
         <kind>object</kind>
         <file>hal_uart.obj</file>
         <name>hal_uart.obj</name>
      </input_file>
      <input_file id="fl-6">
         <path>.\</path>
         <kind>object</kind>
         <file>list.obj</file>
         <name>list.obj</name>
      </input_file>
      <input_file id="fl-7">
         <path>.\</path>
         <kind>object</kind>
         <file>main.obj</file>
         <name>main.obj</name>
      </input_file>
      <input_file id="fl-8">
         <path>.\</path>
         <kind>object</kind>
         <file>mario_kart.obj</file>
         <name>mario_kart.obj</name>
      </input_file>
      <input_file id="fl-9">
         <path>.\</path>
         <kind>object</kind>
         <file>random_int.obj</file>
         <name>random_int.obj</name>
      </input_file>
      <input_file id="fl-a">
         <path>.\</path>
         <kind>object</kind>
         <file>subsystem.obj</file>
         <name>subsystem.obj</name>
      </input_file>
      <input_file id="fl-b">
         <path>.\</path>
         <kind>object</kind>
         <file>task.obj</file>
         <name>task.obj</name>
      </input_file>
      <input_file id="fl-c">
         <path>.\</path>
         <kind>object</kind>
         <file>terminal.obj</file>
         <name>terminal.obj</name>
      </input_file>
      <input_file id="fl-d">
         <path>.\</path>
         <kind>object</kind>
         <file>timing.obj</file>
         <name>timing.obj</name>
      </input_file>
      <input_file id="fl-e">
         <path>.\</path>
         <kind>object</kind>
         <file>uart.obj</file>
         <name>uart.obj</name>
      </input_file>
      <input_file id="fl-14">
         <kind>object</kind>
         <file>&lt;internal&gt;</file>
         <name>&lt;internal&gt;</name>
      </input_file>
      <input_file id="fl-2f">
         <path>C:\ti\ccsv8\tools\compiler\ti-cgt-msp430_18.1.2.LTS\lib\</path>
         <kind>archive</kind>
         <file>rts430x_lc_rd_eabi.lib</file>
         <name>div16s.asm.obj</name>
      </input_file>
      <input_file id="fl-30">
         <path>C:\ti\ccsv8\tools\compiler\ti-cgt-msp430_18.1.2.LTS\lib\</path>
         <kind>archive</kind>
         <file>rts430x_lc_rd_eabi.lib</file>
         <name>div16u.asm.obj</name>
      </input_file>
      <input_file id="fl-31">
         <path>C:\ti\ccsv8\tools\compiler\ti-cgt-msp430_18.1.2.LTS\lib\</path>
         <kind>archive</kind>
         <file>rts430x_lc_rd_eabi.lib</file>
         <name>div32s.asm.obj</name>
      </input_file>
      <input_file id="fl-32">
         <path>C:\ti\ccsv8\tools\compiler\ti-cgt-msp430_18.1.2.LTS\lib\</path>
         <kind>archive</kind>
         <file>rts430x_lc_rd_eabi.lib</file>
         <name>div32u.asm.obj</name>
      </input_file>
      <input_file id="fl-33">
         <path>C:\ti\ccsv8\tools\compiler\ti-cgt-msp430_18.1.2.LTS\lib\</path>
         <kind>archive</kind>
         <file>rts430x_lc_rd_eabi.lib</file>
         <name>fs_mpy.asm.obj</name>
      </input_file>
      <input_file id="fl-34">
         <path>C:\ti\ccsv8\tools\compiler\ti-cgt-msp430_18.1.2.LTS\lib\</path>
         <kind>archive</kind>
         <file>rts430x_lc_rd_eabi.lib</file>
         <name>fs_toi.asm.obj</name>
      </input_file>
      <input_file id="fl-35">
         <path>C:\ti\ccsv8\tools\compiler\ti-cgt-msp430_18.1.2.LTS\lib\</path>
         <kind>archive</kind>
         <file>rts430x_lc_rd_eabi.lib</file>
         <name>fs_tol.asm.obj</name>
      </input_file>
      <input_file id="fl-36">
         <path>C:\ti\ccsv8\tools\compiler\ti-cgt-msp430_18.1.2.LTS\lib\</path>
         <kind>archive</kind>
         <file>rts430x_lc_rd_eabi.lib</file>
         <name>int41.asm.obj</name>
      </input_file>
      <input_file id="fl-37">
         <path>C:\ti\ccsv8\tools\compiler\ti-cgt-msp430_18.1.2.LTS\lib\</path>
         <kind>archive</kind>
         <file>rts430x_lc_rd_eabi.lib</file>
         <name>int42.asm.obj</name>
      </input_file>
      <input_file id="fl-38">
         <path>C:\ti\ccsv8\tools\compiler\ti-cgt-msp430_18.1.2.LTS\lib\</path>
         <kind>archive</kind>
         <file>rts430x_lc_rd_eabi.lib</file>
         <name>int43.asm.obj</name>
      </input_file>
      <input_file id="fl-39">
         <path>C:\ti\ccsv8\tools\compiler\ti-cgt-msp430_18.1.2.LTS\lib\</path>
         <kind>archive</kind>
         <file>rts430x_lc_rd_eabi.lib</file>
         <name>int44.asm.obj</name>
      </input_file>
      <input_file id="fl-3a">
         <path>C:\ti\ccsv8\tools\compiler\ti-cgt-msp430_18.1.2.LTS\lib\</path>
         <kind>archive</kind>
         <file>rts430x_lc_rd_eabi.lib</file>
         <name>int45.asm.obj</name>
      </input_file>
      <input_file id="fl-3b">
         <path>C:\ti\ccsv8\tools\compiler\ti-cgt-msp430_18.1.2.LTS\lib\</path>
         <kind>archive</kind>
         <file>rts430x_lc_rd_eabi.lib</file>
         <name>int46.asm.obj</name>
      </input_file>
      <input_file id="fl-3c">
         <path>C:\ti\ccsv8\tools\compiler\ti-cgt-msp430_18.1.2.LTS\lib\</path>
         <kind>archive</kind>
         <file>rts430x_lc_rd_eabi.lib</file>
         <name>int47.asm.obj</name>
      </input_file>
      <input_file id="fl-3d">
         <path>C:\ti\ccsv8\tools\compiler\ti-cgt-msp430_18.1.2.LTS\lib\</path>
         <kind>archive</kind>
         <file>rts430x_lc_rd_eabi.lib</file>
         <name>int48.asm.obj</name>
      </input_file>
      <input_file id="fl-3e">
         <path>C:\ti\ccsv8\tools\compiler\ti-cgt-msp430_18.1.2.LTS\lib\</path>
         <kind>archive</kind>
         <file>rts430x_lc_rd_eabi.lib</file>
         <name>int49.asm.obj</name>
      </input_file>
      <input_file id="fl-3f">
         <path>C:\ti\ccsv8\tools\compiler\ti-cgt-msp430_18.1.2.LTS\lib\</path>
         <kind>archive</kind>
         <file>rts430x_lc_rd_eabi.lib</file>
         <name>int50.asm.obj</name>
      </input_file>
      <input_file id="fl-40">
         <path>C:\ti\ccsv8\tools\compiler\ti-cgt-msp430_18.1.2.LTS\lib\</path>
         <kind>archive</kind>
         <file>rts430x_lc_rd_eabi.lib</file>
         <name>int51.asm.obj</name>
      </input_file>
      <input_file id="fl-41">
         <path>C:\ti\ccsv8\tools\compiler\ti-cgt-msp430_18.1.2.LTS\lib\</path>
         <kind>archive</kind>
         <file>rts430x_lc_rd_eabi.lib</file>
         <name>int52.asm.obj</name>
      </input_file>
      <input_file id="fl-42">
         <path>C:\ti\ccsv8\tools\compiler\ti-cgt-msp430_18.1.2.LTS\lib\</path>
         <kind>archive</kind>
         <file>rts430x_lc_rd_eabi.lib</file>
         <name>int54.asm.obj</name>
      </input_file>
      <input_file id="fl-43">
         <path>C:\ti\ccsv8\tools\compiler\ti-cgt-msp430_18.1.2.LTS\lib\</path>
         <kind>archive</kind>
         <file>rts430x_lc_rd_eabi.lib</file>
         <name>int55.asm.obj</name>
      </input_file>
      <input_file id="fl-44">
         <path>C:\ti\ccsv8\tools\compiler\ti-cgt-msp430_18.1.2.LTS\lib\</path>
         <kind>archive</kind>
         <file>rts430x_lc_rd_eabi.lib</file>
         <name>int57.asm.obj</name>
      </input_file>
      <input_file id="fl-45">
         <path>C:\ti\ccsv8\tools\compiler\ti-cgt-msp430_18.1.2.LTS\lib\</path>
         <kind>archive</kind>
         <file>rts430x_lc_rd_eabi.lib</file>
         <name>int58.asm.obj</name>
      </input_file>
      <input_file id="fl-46">
         <path>C:\ti\ccsv8\tools\compiler\ti-cgt-msp430_18.1.2.LTS\lib\</path>
         <kind>archive</kind>
         <file>rts430x_lc_rd_eabi.lib</file>
         <name>int59.asm.obj</name>
      </input_file>
      <input_file id="fl-47">
         <path>C:\ti\ccsv8\tools\compiler\ti-cgt-msp430_18.1.2.LTS\lib\</path>
         <kind>archive</kind>
         <file>rts430x_lc_rd_eabi.lib</file>
         <name>int60.asm.obj</name>
      </input_file>
      <input_file id="fl-48">
         <path>C:\ti\ccsv8\tools\compiler\ti-cgt-msp430_18.1.2.LTS\lib\</path>
         <kind>archive</kind>
         <file>rts430x_lc_rd_eabi.lib</file>
         <name>int61.asm.obj</name>
      </input_file>
      <input_file id="fl-49">
         <path>C:\ti\ccsv8\tools\compiler\ti-cgt-msp430_18.1.2.LTS\lib\</path>
         <kind>archive</kind>
         <file>rts430x_lc_rd_eabi.lib</file>
         <name>int62.asm.obj</name>
      </input_file>
      <input_file id="fl-4a">
         <path>C:\ti\ccsv8\tools\compiler\ti-cgt-msp430_18.1.2.LTS\lib\</path>
         <kind>archive</kind>
         <file>rts430x_lc_rd_eabi.lib</file>
         <name>isr_trap.asm.obj</name>
      </input_file>
      <input_file id="fl-4b">
         <path>C:\ti\ccsv8\tools\compiler\ti-cgt-msp430_18.1.2.LTS\lib\</path>
         <kind>archive</kind>
         <file>rts430x_lc_rd_eabi.lib</file>
         <name>lsl16.asm.obj</name>
      </input_file>
      <input_file id="fl-4c">
         <path>C:\ti\ccsv8\tools\compiler\ti-cgt-msp430_18.1.2.LTS\lib\</path>
         <kind>archive</kind>
         <file>rts430x_lc_rd_eabi.lib</file>
         <name>lsr32.asm.obj</name>
      </input_file>
      <input_file id="fl-4d">
         <path>C:\ti\ccsv8\tools\compiler\ti-cgt-msp430_18.1.2.LTS\lib\</path>
         <kind>archive</kind>
         <file>rts430x_lc_rd_eabi.lib</file>
         <name>mult16.asm.obj</name>
      </input_file>
      <input_file id="fl-4e">
         <path>C:\ti\ccsv8\tools\compiler\ti-cgt-msp430_18.1.2.LTS\lib\</path>
         <kind>archive</kind>
         <file>rts430x_lc_rd_eabi.lib</file>
         <name>mult16_f5hw.asm.obj</name>
      </input_file>
      <input_file id="fl-4f">
         <path>C:\ti\ccsv8\tools\compiler\ti-cgt-msp430_18.1.2.LTS\lib\</path>
         <kind>archive</kind>
         <file>rts430x_lc_rd_eabi.lib</file>
         <name>mult1632_f5hw.asm.obj</name>
      </input_file>
      <input_file id="fl-50">
         <path>C:\ti\ccsv8\tools\compiler\ti-cgt-msp430_18.1.2.LTS\lib\</path>
         <kind>archive</kind>
         <file>rts430x_lc_rd_eabi.lib</file>
         <name>mult32.asm.obj</name>
      </input_file>
      <input_file id="fl-51">
         <path>C:\ti\ccsv8\tools\compiler\ti-cgt-msp430_18.1.2.LTS\lib\</path>
         <kind>archive</kind>
         <file>rts430x_lc_rd_eabi.lib</file>
         <name>mult32_f5hw.asm.obj</name>
      </input_file>
      <input_file id="fl-52">
         <path>C:\ti\ccsv8\tools\compiler\ti-cgt-msp430_18.1.2.LTS\lib\</path>
         <kind>archive</kind>
         <file>rts430x_lc_rd_eabi.lib</file>
         <name>mult3264_f5hw.asm.obj</name>
      </input_file>
      <input_file id="fl-53">
         <path>C:\ti\ccsv8\tools\compiler\ti-cgt-msp430_18.1.2.LTS\lib\</path>
         <kind>archive</kind>
         <file>rts430x_lc_rd_eabi.lib</file>
         <name>mult64_f5hw.asm.obj</name>
      </input_file>
      <input_file id="fl-54">
         <path>C:\ti\ccsv8\tools\compiler\ti-cgt-msp430_18.1.2.LTS\lib\</path>
         <kind>archive</kind>
         <file>rts430x_lc_rd_eabi.lib</file>
         <name>boot.c.obj</name>
      </input_file>
      <input_file id="fl-55">
         <path>C:\ti\ccsv8\tools\compiler\ti-cgt-msp430_18.1.2.LTS\lib\</path>
         <kind>archive</kind>
         <file>rts430x_lc_rd_eabi.lib</file>
         <name>autoinit.c.obj</name>
      </input_file>
      <input_file id="fl-56">
         <path>C:\ti\ccsv8\tools\compiler\ti-cgt-msp430_18.1.2.LTS\lib\</path>
         <kind>archive</kind>
         <file>rts430x_lc_rd_eabi.lib</file>
         <name>copy_zero_init.c.obj</name>
      </input_file>
      <input_file id="fl-57">
         <path>C:\ti\ccsv8\tools\compiler\ti-cgt-msp430_18.1.2.LTS\lib\</path>
         <kind>archive</kind>
         <file>rts430x_lc_rd_eabi.lib</file>
         <name>cpy_tbl.c.obj</name>
      </input_file>
      <input_file id="fl-58">
         <path>C:\ti\ccsv8\tools\compiler\ti-cgt-msp430_18.1.2.LTS\lib\</path>
         <kind>archive</kind>
         <file>rts430x_lc_rd_eabi.lib</file>
         <name>mpu_init.c.obj</name>
      </input_file>
      <input_file id="fl-59">
         <path>C:\ti\ccsv8\tools\compiler\ti-cgt-msp430_18.1.2.LTS\lib\</path>
         <kind>archive</kind>
         <file>rts430x_lc_rd_eabi.lib</file>
         <name>pre_init.c.obj</name>
      </input_file>
      <input_file id="fl-5a">
         <path>C:\ti\ccsv8\tools\compiler\ti-cgt-msp430_18.1.2.LTS\lib\</path>
         <kind>archive</kind>
         <file>rts430x_lc_rd_eabi.lib</file>
         <name>startup.c.obj</name>
      </input_file>
      <input_file id="fl-5b">
         <path>C:\ti\ccsv8\tools\compiler\ti-cgt-msp430_18.1.2.LTS\lib\</path>
         <kind>archive</kind>
         <file>rts430x_lc_rd_eabi.lib</file>
         <name>copy_decompress_none.c.obj</name>
      </input_file>
      <input_file id="fl-5c">
         <path>C:\ti\ccsv8\tools\compiler\ti-cgt-msp430_18.1.2.LTS\lib\</path>
         <kind>archive</kind>
         <file>rts430x_lc_rd_eabi.lib</file>
         <name>copy_decompress_lzss.c.obj</name>
      </input_file>
      <input_file id="fl-5d">
         <path>C:\ti\ccsv8\tools\compiler\ti-cgt-msp430_18.1.2.LTS\lib\</path>
         <kind>archive</kind>
         <file>rts430x_lc_rd_eabi.lib</file>
         <name>cvtdf.c.obj</name>
      </input_file>
      <input_file id="fl-5e">
         <path>C:\ti\ccsv8\tools\compiler\ti-cgt-msp430_18.1.2.LTS\lib\</path>
         <kind>archive</kind>
         <file>rts430x_lc_rd_eabi.lib</file>
         <name>exit.c.obj</name>
      </input_file>
      <input_file id="fl-5f">
         <path>C:\ti\ccsv8\tools\compiler\ti-cgt-msp430_18.1.2.LTS\lib\</path>
         <kind>archive</kind>
         <file>rts430x_lc_rd_eabi.lib</file>
         <name>_lock.c.obj</name>
      </input_file>
      <input_file id="fl-60">
         <path>C:\ti\ccsv8\tools\compiler\ti-cgt-msp430_18.1.2.LTS\lib\</path>
         <kind>archive</kind>
         <file>rts430x_lc_rd_eabi.lib</file>
         <name>args_main.c.obj</name>
      </input_file>
      <input_file id="fl-61">
         <path>C:\ti\ccsv8\tools\compiler\ti-cgt-msp430_18.1.2.LTS\lib\</path>
         <kind>archive</kind>
         <file>rts430x_lc_rd_eabi.lib</file>
         <name>memcpy.c.obj</name>
      </input_file>
      <input_file id="fl-62">
         <path>C:\ti\ccsv8\tools\compiler\ti-cgt-msp430_18.1.2.LTS\lib\</path>
         <kind>archive</kind>
         <file>rts430x_lc_rd_eabi.lib</file>
         <name>rand.c.obj</name>
      </input_file>
      <input_file id="fl-63">
         <path>C:\ti\ccsv8\tools\compiler\ti-cgt-msp430_18.1.2.LTS\lib\</path>
         <kind>archive</kind>
         <file>rts430x_lc_rd_eabi.lib</file>
         <name>strcasecmp.c.obj</name>
      </input_file>
      <input_file id="fl-64">
         <path>C:\ti\ccsv8\tools\compiler\ti-cgt-msp430_18.1.2.LTS\lib\</path>
         <kind>archive</kind>
         <file>rts430x_lc_rd_eabi.lib</file>
         <name>strlen.c.obj</name>
      </input_file>
      <input_file id="fl-65">
         <path>C:\ti\ccsv8\tools\compiler\ti-cgt-msp430_18.1.2.LTS\lib\</path>
         <kind>archive</kind>
         <file>rts430x_lc_rd_eabi.lib</file>
         <name>tolower.c.obj</name>
      </input_file>
      <input_file id="fl-66">
         <path>C:\ti\ccsv8\tools\compiler\ti-cgt-msp430_18.1.2.LTS\lib\</path>
         <kind>archive</kind>
         <file>rts430x_lc_rd_eabi.lib</file>
         <name>lsl32.asm.obj</name>
      </input_file>
      <input_file id="fl-67">
         <path>C:\ti\ccsv8\tools\compiler\ti-cgt-msp430_18.1.2.LTS\lib\</path>
         <kind>archive</kind>
         <file>rts430x_lc_rd_eabi.lib</file>
         <name>exit_gvars.c.obj</name>
      </input_file>
      <input_file id="fl-68">
         <path>C:\ti\ccsv8\tools\compiler\ti-cgt-msp430_18.1.2.LTS\lib\</path>
         <kind>archive</kind>
         <file>rts430x_lc_rd_eabi.lib</file>
         <name>lsr64.c.obj</name>
      </input_file>
      <input_file id="fl-69">
         <path>C:\ti\ccsv8\tools\compiler\ti-cgt-msp430_18.1.2.LTS\lib\</path>
         <kind>archive</kind>
         <file>rts430x_lc_rd_eabi.lib</file>
         <name>ctype.c.obj</name>
      </input_file>
   </input_file_list>
   <object_component_list>
      <object_component id="oc-59a">
         <name>.bss:game</name>
         <uninitialized>true</uninitialized>
         <run_address>0x3dde</run_address>
         <size>0x1a</size>
         <input_file_ref idref="fl-8"/>
      </object_component>
      <object_component id="oc-8c7">
         <name>.bss:receive_buffer</name>
         <uninitialized>true</uninitialized>
         <run_address>0x3d16</run_address>
         <size>0x40</size>
         <input_file_ref idref="fl-a"/>
      </object_component>
      <object_component id="oc-8c6">
         <name>.bss</name>
         <uninitialized>true</uninitialized>
         <run_address>0x3e26</run_address>
         <size>0x2</size>
         <input_file_ref idref="fl-a"/>
      </object_component>
      <object_component id="oc-6a4">
         <name>.common:games</name>
         <uninitialized>true</uninitialized>
         <run_address>0x3720</run_address>
         <size>0x30c</size>
      </object_component>
      <object_component id="oc-7b9">
         <name>.common:game_id</name>
         <uninitialized>true</uninitialized>
         <run_address>0x3e29</run_address>
         <size>0x1</size>
      </object_component>
      <object_component id="oc-5a4">
         <name>.common:sys</name>
         <uninitialized>true</uninitialized>
         <run_address>0x3c84</run_address>
         <size>0x92</size>
      </object_component>
      <object_component id="oc-53f">
         <name>.common:task_list_array</name>
         <uninitialized>true</uninitialized>
         <run_address>0x3400</run_address>
         <size>0x320</size>
      </object_component>
      <object_component id="oc-53b">
         <name>.common:task_list_links</name>
         <uninitialized>true</uninitialized>
         <run_address>0x3a2c</run_address>
         <size>0x258</size>
      </object_component>
      <object_component id="oc-53e">
         <name>.common:task_list</name>
         <uninitialized>true</uninitialized>
         <run_address>0x3d56</run_address>
         <size>0x30</size>
      </object_component>
      <object_component id="oc-55e">
         <name>.common:idle_task</name>
         <uninitialized>true</uninitialized>
         <run_address>0x3e1a</run_address>
         <size>0x4</size>
      </object_component>
      <object_component id="oc-3f8">
         <name>.common:time_ms</name>
         <uninitialized>true</uninitialized>
         <run_address>0x3e22</run_address>
         <size>0x4</size>
      </object_component>
      <object_component id="oc-613">
         <name>.common:rollover_time</name>
         <uninitialized>true</uninitialized>
         <run_address>0x3e1e</run_address>
         <size>0x4</size>
      </object_component>
      <object_component id="oc-57a">
         <name>.common:rx0</name>
         <uninitialized>true</uninitialized>
         <run_address>0x3da6</run_address>
         <size>0x1c</size>
      </object_component>
      <object_component id="oc-582">
         <name>.common:tx0</name>
         <uninitialized>true</uninitialized>
         <run_address>0x3dc2</run_address>
         <size>0x1c</size>
      </object_component>
      <object_component id="oc-583">
         <name>.common:tx_buffer_array0</name>
         <uninitialized>true</uninitialized>
         <run_address>0x2400</run_address>
         <size>0x1000</size>
      </object_component>
      <object_component id="oc-57b">
         <name>.common:rx_buffer_array0</name>
         <uninitialized>true</uninitialized>
         <run_address>0x3d86</run_address>
         <size>0x20</size>
      </object_component>
      <object_component id="oc-584">
         <name>.common:receiverList0</name>
         <uninitialized>true</uninitialized>
         <run_address>0x3e0a</run_address>
         <size>0x8</size>
      </object_component>
      <object_component id="oc-585">
         <name>.common:receiver_array0</name>
         <uninitialized>true</uninitialized>
         <run_address>0x3e12</run_address>
         <size>0x8</size>
      </object_component>
      <object_component id="oc-458">
         <name>.common:uart</name>
         <uninitialized>true</uninitialized>
         <run_address>0x3df8</run_address>
         <size>0x12</size>
      </object_component>
      <object_component id="oc-46c">
         <name>.common:rx_flags</name>
         <uninitialized>true</uninitialized>
         <run_address>0x3e2a</run_address>
         <size>0x1</size>
      </object_component>
      <object_component id="oc-573">
         <name>.common:error_flags</name>
         <uninitialized>true</uninitialized>
         <run_address>0x3e28</run_address>
         <size>0x1</size>
      </object_component>
      <object_component id="oc-69e">
         <name>.data</name>
         <load_address>0x3e52</load_address>
         <run_address>0x3e52</run_address>
         <size>0x4</size>
         <input_file_ref idref="fl-4"/>
      </object_component>
      <object_component id="oc-85a">
         <name>.data</name>
         <load_address>0x3e5e</load_address>
         <run_address>0x3e5e</run_address>
         <size>0x2</size>
         <input_file_ref idref="fl-6"/>
      </object_component>
      <object_component id="oc-78a">
         <name>.data:leftLimits</name>
         <load_address>0x3e40</load_address>
         <run_address>0x3e40</run_address>
         <size>0x9</size>
         <input_file_ref idref="fl-8"/>
      </object_component>
      <object_component id="oc-864">
         <name>.data</name>
         <load_address>0x3e49</load_address>
         <run_address>0x3e49</run_address>
         <size>0x1</size>
         <input_file_ref idref="fl-9"/>
      </object_component>
      <object_component id="oc-8ee">
         <name>.data:log_level_str</name>
         <load_address>0x3e2c</load_address>
         <run_address>0x3e2c</run_address>
         <size>0x14</size>
         <input_file_ref idref="fl-a"/>
      </object_component>
      <object_component id="oc-88e">
         <name>.data</name>
         <load_address>0x3e5a</load_address>
         <run_address>0x3e5a</run_address>
         <size>0x4</size>
         <input_file_ref idref="fl-a"/>
      </object_component>
      <object_component id="oc-534">
         <name>.data</name>
         <load_address>0x3e60</load_address>
         <run_address>0x3e60</run_address>
         <size>0x1</size>
         <input_file_ref idref="fl-b"/>
      </object_component>
      <object_component id="oc-612">
         <name>.data</name>
         <load_address>0x3e61</load_address>
         <run_address>0x3e61</run_address>
         <size>0x1</size>
         <input_file_ref idref="fl-d"/>
      </object_component>
      <object_component id="oc-56c">
         <name>.data</name>
         <load_address>0x3e62</load_address>
         <run_address>0x3e62</run_address>
         <size>0x1</size>
         <input_file_ref idref="fl-e"/>
      </object_component>
      <object_component id="oc-5de">
         <name>.data:_lock</name>
         <load_address>0x3e4a</load_address>
         <run_address>0x3e4a</run_address>
         <size>0x4</size>
         <input_file_ref idref="fl-5f"/>
      </object_component>
      <object_component id="oc-5e7">
         <name>.data:_unlock</name>
         <load_address>0x3e4e</load_address>
         <run_address>0x3e4e</run_address>
         <size>0x4</size>
         <input_file_ref idref="fl-5f"/>
      </object_component>
      <object_component id="oc-89d">
         <name>.data</name>
         <load_address>0x3e56</load_address>
         <run_address>0x3e56</run_address>
         <size>0x4</size>
         <input_file_ref idref="fl-62"/>
      </object_component>
      <object_component id="oc-37d">
         <name>.stack</name>
         <uninitialized>true</uninitialized>
         <run_address>0x4360</run_address>
         <size>0x4</size>
         <input_file_ref idref="fl-54"/>
      </object_component>
      <object_component id="oc-968">
         <name>.stack</name>
         <uninitialized>true</uninitialized>
         <run_address>0x4360</run_address>
         <size>0x0</size>
      </object_component>
      <object_component id="oc-893">
         <name>.text:SystemCallback</name>
         <load_address>0x10000</load_address>
         <run_address>0x10000</run_address>
         <size>0x254</size>
         <input_file_ref idref="fl-a"/>
      </object_component>
      <object_component id="oc-574">
         <name>.text:hal_UART_Init</name>
         <load_address>0x10254</load_address>
         <run_address>0x10254</run_address>
         <size>0x200</size>
         <input_file_ref idref="fl-5"/>
      </object_component>
      <object_component id="oc-7ad">
         <name>.text:Game_Callback</name>
         <load_address>0x10454</load_address>
         <run_address>0x10454</run_address>
         <size>0x1e6</size>
         <input_file_ref idref="fl-4"/>
      </object_component>
      <object_component id="oc-5a8">
         <name>.text:Buffer_vprintf</name>
         <load_address>0x1063a</load_address>
         <run_address>0x1063a</run_address>
         <size>0x1d4</size>
         <input_file_ref idref="fl-3"/>
      </object_component>
      <object_component id="oc-56d">
         <name>.text:UART_Tick</name>
         <load_address>0x1080e</load_address>
         <run_address>0x1080e</run_address>
         <size>0x1a0</size>
         <input_file_ref idref="fl-e"/>
      </object_component>
      <object_component id="oc-877">
         <name>.text:List_GetItem</name>
         <load_address>0x109ae</load_address>
         <run_address>0x109ae</run_address>
         <size>0x17a</size>
         <input_file_ref idref="fl-6"/>
      </object_component>
      <object_component id="oc-8ca">
         <name>.text:ProcessMsg</name>
         <load_address>0x10b28</load_address>
         <run_address>0x10b28</run_address>
         <size>0x134</size>
         <input_file_ref idref="fl-a"/>
      </object_component>
      <object_component id="oc-6f4">
         <name>.text:Link</name>
         <load_address>0x10c5c</load_address>
         <run_address>0x10c5c</run_address>
         <size>0x118</size>
         <input_file_ref idref="fl-6"/>
      </object_component>
      <object_component id="oc-6fd">
         <name>.text:Unlink</name>
         <load_address>0x10d74</load_address>
         <run_address>0x10d74</run_address>
         <size>0xf8</size>
         <input_file_ref idref="fl-6"/>
      </object_component>
      <object_component id="oc-68a">
         <name>.text:drawTrack</name>
         <load_address>0x10e6c</load_address>
         <run_address>0x10e6c</run_address>
         <size>0xc2</size>
         <input_file_ref idref="fl-8"/>
      </object_component>
      <object_component id="oc-5d3">
         <name>.text:List_LinkItem</name>
         <load_address>0x10f2e</load_address>
         <run_address>0x10f2e</run_address>
         <size>0xbe</size>
         <input_file_ref idref="fl-6"/>
      </object_component>
      <object_component id="oc-4bc">
         <name>.text:SystemTick</name>
         <load_address>0x10fec</load_address>
         <run_address>0x10fec</run_address>
         <size>0xb8</size>
         <input_file_ref idref="fl-b"/>
      </object_component>
      <object_component id="oc-7d5">
         <name>.text</name>
         <load_address>0x110a4</load_address>
         <run_address>0x110a4</run_address>
         <size>0xb8</size>
         <input_file_ref idref="fl-33"/>
      </object_component>
      <object_component id="oc-6bb">
         <name>.text:Buffer_HexN</name>
         <load_address>0x1115c</load_address>
         <run_address>0x1115c</run_address>
         <size>0xb4</size>
         <input_file_ref idref="fl-3"/>
      </object_component>
      <object_component id="oc-672">
         <name>.text:Game_DrawRect</name>
         <load_address>0x11210</load_address>
         <run_address>0x11210</run_address>
         <size>0xb0</size>
         <input_file_ref idref="fl-4"/>
      </object_component>
      <object_component id="oc-5b5">
         <name>.text:List_Link</name>
         <load_address>0x112c0</load_address>
         <run_address>0x112c0</run_address>
         <size>0xa8</size>
         <input_file_ref idref="fl-6"/>
      </object_component>
      <object_component id="oc-7f2">
         <name>.text:FindUnusedLink</name>
         <load_address>0x11368</load_address>
         <run_address>0x11368</run_address>
         <size>0x9e</size>
         <input_file_ref idref="fl-6"/>
      </object_component>
      <object_component id="oc-4a3">
         <name>.text:UART_Init</name>
         <load_address>0x11406</load_address>
         <run_address>0x11406</run_address>
         <size>0x9e</size>
         <input_file_ref idref="fl-e"/>
      </object_component>
      <object_component id="oc-6e5">
         <name>.text:Buffer_Float</name>
         <load_address>0x114a4</load_address>
         <run_address>0x114a4</run_address>
         <size>0x9c</size>
         <input_file_ref idref="fl-3"/>
      </object_component>
      <object_component id="oc-461">
         <name>.text:Buffer_Enqueue</name>
         <load_address>0x11540</load_address>
         <run_address>0x11540</run_address>
         <size>0x90</size>
         <input_file_ref idref="fl-2"/>
      </object_component>
      <object_component id="oc-799">
         <name>.text:SetSpeed</name>
         <load_address>0x115d0</load_address>
         <run_address>0x115d0</run_address>
         <size>0x90</size>
         <input_file_ref idref="fl-8"/>
      </object_component>
      <object_component id="oc-540">
         <name>.text:List_Init</name>
         <load_address>0x11660</load_address>
         <run_address>0x11660</run_address>
         <size>0x8c</size>
         <input_file_ref idref="fl-6"/>
      </object_component>
      <object_component id="oc-837">
         <name>.text:Task_Remove</name>
         <load_address>0x116ec</load_address>
         <run_address>0x116ec</run_address>
         <size>0x8c</size>
         <input_file_ref idref="fl-b"/>
      </object_component>
      <object_component id="oc-6df">
         <name>.text:__mspabi_cvtdf</name>
         <load_address>0x11778</load_address>
         <run_address>0x11778</run_address>
         <size>0x8c</size>
         <input_file_ref idref="fl-5d"/>
      </object_component>
      <object_component id="oc-588">
         <name>.text:Play</name>
         <load_address>0x11804</load_address>
         <run_address>0x11804</run_address>
         <size>0x82</size>
         <input_file_ref idref="fl-8"/>
      </object_component>
      <object_component id="oc-899">
         <name>.text:Receiver</name>
         <load_address>0x11886</load_address>
         <run_address>0x11886</run_address>
         <size>0x80</size>
         <input_file_ref idref="fl-a"/>
      </object_component>
      <object_component id="oc-7da">
         <name>.text</name>
         <load_address>0x11906</load_address>
         <run_address>0x11906</run_address>
         <size>0x7e</size>
         <input_file_ref idref="fl-35"/>
      </object_component>
      <object_component id="oc-7b3">
         <name>.text:Subsystem_Init</name>
         <load_address>0x11984</load_address>
         <run_address>0x11984</run_address>
         <size>0x7c</size>
         <input_file_ref idref="fl-a"/>
      </object_component>
      <object_component id="oc-497">
         <name>.text:SetClk24MHz</name>
         <load_address>0x11a00</load_address>
         <run_address>0x11a00</run_address>
         <size>0x78</size>
         <input_file_ref idref="fl-7"/>
      </object_component>
      <object_component id="oc-6d">
         <name>.text:decompress:lzss:__TI_decompress_lzss</name>
         <load_address>0x11a78</load_address>
         <run_address>0x11a78</run_address>
         <size>0x76</size>
         <input_file_ref idref="fl-5c"/>
      </object_component>
      <object_component id="oc-49d">
         <name>.text:Task_Init</name>
         <load_address>0x11aee</load_address>
         <run_address>0x11aee</run_address>
         <size>0x70</size>
         <input_file_ref idref="fl-b"/>
      </object_component>
      <object_component id="oc-79f">
         <name>.text:FinishRace</name>
         <load_address>0x11b5e</load_address>
         <run_address>0x11b5e</run_address>
         <size>0x6e</size>
         <input_file_ref idref="fl-8"/>
      </object_component>
      <object_component id="oc-7d0">
         <name>.text</name>
         <load_address>0x11bcc</load_address>
         <run_address>0x11bcc</run_address>
         <size>0x68</size>
         <input_file_ref idref="fl-34"/>
      </object_component>
      <object_component id="oc-704">
         <name>.text:FindLinkByItem</name>
         <load_address>0x11c34</load_address>
         <run_address>0x11c34</run_address>
         <size>0x64</size>
         <input_file_ref idref="fl-6"/>
      </object_component>
      <object_component id="oc-830">
         <name>.text:Task_ChangePeriod</name>
         <load_address>0x11c98</load_address>
         <run_address>0x11c98</run_address>
         <size>0x64</size>
         <input_file_ref idref="fl-b"/>
      </object_component>
      <object_component id="oc-6c7">
         <name>.text:Buffer_uint32</name>
         <load_address>0x11cfc</load_address>
         <run_address>0x11cfc</run_address>
         <size>0x62</size>
         <input_file_ref idref="fl-3"/>
      </object_component>
      <object_component id="oc-757">
         <name>.text:Cursor</name>
         <load_address>0x11d5e</load_address>
         <run_address>0x11d5e</run_address>
         <size>0x5a</size>
         <input_file_ref idref="fl-4"/>
      </object_component>
      <object_component id="oc-594">
         <name>.text:Game_Register</name>
         <load_address>0x11db8</load_address>
         <run_address>0x11db8</run_address>
         <size>0x5a</size>
         <input_file_ref idref="fl-4"/>
      </object_component>
      <object_component id="oc-8b9">
         <name>.text:Subsystem_Write</name>
         <load_address>0x11e12</load_address>
         <run_address>0x11e12</run_address>
         <size>0x5a</size>
         <input_file_ref idref="fl-a"/>
      </object_component>
      <object_component id="oc-648">
         <name>.text</name>
         <load_address>0x11e6c</load_address>
         <run_address>0x11e6c</run_address>
         <size>0x58</size>
         <input_file_ref idref="fl-32"/>
      </object_component>
      <object_component id="oc-5ae">
         <name>.text:UART_Tx_Start</name>
         <load_address>0x11ec4</load_address>
         <run_address>0x11ec4</run_address>
         <size>0x56</size>
         <input_file_ref idref="fl-e"/>
      </object_component>
      <object_component id="oc-63a">
         <name>.text:List_AddIndirect</name>
         <load_address>0x11f1a</load_address>
         <run_address>0x11f1a</run_address>
         <size>0x54</size>
         <input_file_ref idref="fl-6"/>
      </object_component>
      <object_component id="oc-4e7">
         <name>.text:__TI_auto_init_nobinit_nopinit_hold_wdt:__TI_auto_init_nobinit_nopinit_hold_wdt</name>
         <load_address>0x11f6e</load_address>
         <run_address>0x11f6e</run_address>
         <size>0x54</size>
         <input_file_ref idref="fl-55"/>
      </object_component>
      <object_component id="oc-6cd">
         <name>.text:Buffer_uint16</name>
         <load_address>0x11fc2</load_address>
         <run_address>0x11fc2</run_address>
         <size>0x52</size>
         <input_file_ref idref="fl-3"/>
      </object_component>
      <object_component id="oc-52d">
         <name>.text:SetVcoreUp</name>
         <load_address>0x12014</load_address>
         <run_address>0x12014</run_address>
         <size>0x4e</size>
         <input_file_ref idref="fl-7"/>
      </object_component>
      <object_component id="oc-408">
         <name>.text:UART_Tx_Handler</name>
         <load_address>0x12062</load_address>
         <run_address>0x12062</run_address>
         <size>0x4e</size>
         <input_file_ref idref="fl-e"/>
      </object_component>
      <object_component id="oc-84c">
         <name>.text:Subsystem_SystemInit</name>
         <load_address>0x120b0</load_address>
         <run_address>0x120b0</run_address>
         <size>0x4c</size>
         <input_file_ref idref="fl-a"/>
      </object_component>
      <object_component id="oc-565">
         <name>.text:Task_Schedule</name>
         <load_address>0x120fc</load_address>
         <run_address>0x120fc</run_address>
         <size>0x4a</size>
         <input_file_ref idref="fl-b"/>
      </object_component>
      <object_component id="oc-8db">
         <name>.text:Log_Header</name>
         <load_address>0x12146</load_address>
         <run_address>0x12146</run_address>
         <size>0x44</size>
         <input_file_ref idref="fl-a"/>
      </object_component>
      <object_component id="oc-55f">
         <name>.text:RollTimer</name>
         <load_address>0x1218a</load_address>
         <run_address>0x1218a</run_address>
         <size>0x44</size>
         <input_file_ref idref="fl-b"/>
      </object_component>
      <object_component id="oc-783">
         <name>.text:UART_RegisterReceiver</name>
         <load_address>0x121ce</load_address>
         <run_address>0x121ce</run_address>
         <size>0x44</size>
         <input_file_ref idref="fl-e"/>
      </object_component>
      <object_component id="oc-67e">
         <name>.text:Receiver</name>
         <load_address>0x12212</load_address>
         <run_address>0x12212</run_address>
         <size>0x42</size>
         <input_file_ref idref="fl-8"/>
      </object_component>
      <object_component id="oc-793">
         <name>.text:newTrackWidth</name>
         <load_address>0x12254</load_address>
         <run_address>0x12254</run_address>
         <size>0x42</size>
         <input_file_ref idref="fl-8"/>
      </object_component>
      <object_component id="oc-78d">
         <name>.text:DetectCollision</name>
         <load_address>0x12296</load_address>
         <run_address>0x12296</run_address>
         <size>0x40</size>
         <input_file_ref idref="fl-8"/>
      </object_component>
      <object_component id="oc-41d">
         <name>.text:main</name>
         <load_address>0x122d6</load_address>
         <run_address>0x122d6</run_address>
         <size>0x40</size>
         <input_file_ref idref="fl-7"/>
      </object_component>
      <object_component id="oc-86b">
         <name>.text:rand</name>
         <load_address>0x12316</load_address>
         <run_address>0x12316</run_address>
         <size>0x40</size>
         <input_file_ref idref="fl-62"/>
      </object_component>
      <object_component id="oc-475">
         <name>.text:Buffer_Dequeue</name>
         <load_address>0x12356</load_address>
         <run_address>0x12356</run_address>
         <size>0x3e</size>
         <input_file_ref idref="fl-2"/>
      </object_component>
      <object_component id="oc-813">
         <name>.text:TimeSince</name>
         <load_address>0x12394</load_address>
         <run_address>0x12394</run_address>
         <size>0x3e</size>
         <input_file_ref idref="fl-d"/>
      </object_component>
      <object_component id="oc-3fc">
         <name>.text:UART_Rx_Handler</name>
         <load_address>0x123d2</load_address>
         <run_address>0x123d2</run_address>
         <size>0x3e</size>
         <input_file_ref idref="fl-e"/>
      </object_component>
      <object_component id="oc-7c9">
         <name>.text:l_lsl_const</name>
         <load_address>0x12410</load_address>
         <run_address>0x12410</run_address>
         <size>0x3e</size>
         <input_file_ref idref="fl-66"/>
      </object_component>
      <object_component id="oc-64d">
         <name>.text:l_lsr_const</name>
         <load_address>0x1244e</load_address>
         <run_address>0x1244e</run_address>
         <size>0x3e</size>
         <input_file_ref idref="fl-4c"/>
      </object_component>
      <object_component id="oc-691">
         <name>.text:Game_Printf</name>
         <load_address>0x1248c</load_address>
         <run_address>0x1248c</run_address>
         <size>0x3c</size>
         <input_file_ref idref="fl-4"/>
      </object_component>
      <object_component id="oc-829">
         <name>.text:random_int</name>
         <load_address>0x124c8</load_address>
         <run_address>0x124c8</run_address>
         <size>0x3a</size>
         <input_file_ref idref="fl-9"/>
      </object_component>
      <object_component id="oc-678">
         <name>.text:Game_CharXY</name>
         <load_address>0x12502</load_address>
         <run_address>0x12502</run_address>
         <size>0x36</size>
         <input_file_ref idref="fl-4"/>
      </object_component>
      <object_component id="oc-83f">
         <name>.text:strcasecmp</name>
         <load_address>0x12538</load_address>
         <run_address>0x12538</run_address>
         <size>0x36</size>
         <input_file_ref idref="fl-63"/>
      </object_component>
      <object_component id="oc-698">
         <name>.text:Game_Init</name>
         <load_address>0x1256e</load_address>
         <run_address>0x1256e</run_address>
         <size>0x34</size>
         <input_file_ref idref="fl-4"/>
      </object_component>
      <object_component id="oc-74a">
         <name>.text:GetUnusedLink</name>
         <load_address>0x125a2</load_address>
         <run_address>0x125a2</run_address>
         <size>0x34</size>
         <input_file_ref idref="fl-6"/>
      </object_component>
      <object_component id="oc-76f">
         <name>.text:Terminal_CharXY</name>
         <load_address>0x125d6</load_address>
         <run_address>0x125d6</run_address>
         <size>0x32</size>
         <input_file_ref idref="fl-c"/>
      </object_component>
      <object_component id="oc-4b6">
         <name>.text:UART_printf</name>
         <load_address>0x12608</load_address>
         <run_address>0x12608</run_address>
         <size>0x32</size>
         <input_file_ref idref="fl-e"/>
      </object_component>
      <object_component id="oc-776">
         <name>.text:MoveRight</name>
         <load_address>0x1263a</load_address>
         <run_address>0x1263a</run_address>
         <size>0x2e</size>
         <input_file_ref idref="fl-8"/>
      </object_component>
      <object_component id="oc-7a6">
         <name>.text:UART_vprintf</name>
         <load_address>0x12668</load_address>
         <run_address>0x12668</run_address>
         <size>0x2e</size>
         <input_file_ref idref="fl-e"/>
      </object_component>
      <object_component id="oc-77c">
         <name>.text:MoveLeft</name>
         <load_address>0x12696</load_address>
         <run_address>0x12696</run_address>
         <size>0x2c</size>
         <input_file_ref idref="fl-8"/>
      </object_component>
      <object_component id="oc-8e8">
         <name>.text:Subsystem_GetName</name>
         <load_address>0x126c2</load_address>
         <run_address>0x126c2</run_address>
         <size>0x2c</size>
         <input_file_ref idref="fl-a"/>
      </object_component>
      <object_component id="oc-871">
         <name>.text</name>
         <load_address>0x126ee</load_address>
         <run_address>0x126ee</run_address>
         <size>0x2c</size>
         <input_file_ref idref="fl-2f"/>
      </object_component>
      <object_component id="oc-57c">
         <name>.text:Buffer_Init</name>
         <load_address>0x1271a</load_address>
         <run_address>0x1271a</run_address>
         <size>0x2a</size>
         <input_file_ref idref="fl-2"/>
      </object_component>
      <object_component id="oc-6c1">
         <name>.text:Buffer_int32</name>
         <load_address>0x12744</load_address>
         <run_address>0x12744</run_address>
         <size>0x2a</size>
         <input_file_ref idref="fl-3"/>
      </object_component>
      <object_component id="oc-768">
         <name>.text:Game_IsTransmitting</name>
         <load_address>0x1276e</load_address>
         <run_address>0x1276e</run_address>
         <size>0x2a</size>
         <input_file_ref idref="fl-4"/>
      </object_component>
      <object_component id="oc-66c">
         <name>.text:Game_SetColor</name>
         <load_address>0x12798</load_address>
         <run_address>0x12798</run_address>
         <size>0x2a</size>
         <input_file_ref idref="fl-4"/>
      </object_component>
      <object_component id="oc-8c0">
         <name>.text:UART_WriteByte</name>
         <load_address>0x127c2</load_address>
         <run_address>0x127c2</run_address>
         <size>0x2a</size>
         <input_file_ref idref="fl-e"/>
      </object_component>
      <object_component id="oc-762">
         <name>.text:DelayMs</name>
         <load_address>0x127ec</load_address>
         <run_address>0x127ec</run_address>
         <size>0x28</size>
         <input_file_ref idref="fl-d"/>
      </object_component>
      <object_component id="oc-3b0">
         <name>.text:decompress:ZI:__TI_zero_init</name>
         <load_address>0x12814</load_address>
         <run_address>0x12814</run_address>
         <size>0x24</size>
         <input_file_ref idref="fl-56"/>
      </object_component>
      <object_component id="oc-6ed">
         <name>.text:hal_UART_TxInterruptEnabled</name>
         <load_address>0x12838</load_address>
         <run_address>0x12838</run_address>
         <size>0x24</size>
         <input_file_ref idref="fl-5"/>
      </object_component>
      <object_component id="oc-8a2">
         <name>.text</name>
         <load_address>0x1285c</load_address>
         <run_address>0x1285c</run_address>
         <size>0x24</size>
         <input_file_ref idref="fl-51"/>
      </object_component>
      <object_component id="oc-6d9">
         <name>.text:Buffer_int16</name>
         <load_address>0x12880</load_address>
         <run_address>0x12880</run_address>
         <size>0x22</size>
         <input_file_ref idref="fl-3"/>
      </object_component>
      <object_component id="oc-5bb">
         <name>.text:List_GetFirst</name>
         <load_address>0x128a2</load_address>
         <run_address>0x128a2</run_address>
         <size>0x20</size>
         <input_file_ref idref="fl-6"/>
      </object_component>
      <object_component id="oc-75b">
         <name>.text:Terminal_SetColor</name>
         <load_address>0x128c2</load_address>
         <run_address>0x128c2</run_address>
         <size>0x20</size>
         <input_file_ref idref="fl-c"/>
      </object_component>
      <object_component id="oc-46d">
         <name>.text:hal_UART_DataAvailable</name>
         <load_address>0x128e2</load_address>
         <run_address>0x128e2</run_address>
         <size>0x20</size>
         <input_file_ref idref="fl-5"/>
      </object_component>
      <object_component id="oc-481">
         <name>.text:hal_UART_SpaceAvailable</name>
         <load_address>0x12902</load_address>
         <run_address>0x12902</run_address>
         <size>0x20</size>
         <input_file_ref idref="fl-5"/>
      </object_component>
      <object_component id="oc-5cd">
         <name>.text:List_Remove</name>
         <load_address>0x12922</load_address>
         <run_address>0x12922</run_address>
         <size>0x1e</size>
         <input_file_ref idref="fl-6"/>
      </object_component>
      <object_component id="oc-4a9">
         <name>.text:Mario_Kart_Init</name>
         <load_address>0x12940</load_address>
         <run_address>0x12940</run_address>
         <size>0x1e</size>
         <input_file_ref idref="fl-8"/>
      </object_component>
      <object_component id="oc-535">
         <name>.text:Timing_Init</name>
         <load_address>0x1295e</load_address>
         <run_address>0x1295e</run_address>
         <size>0x1e</size>
         <input_file_ref idref="fl-d"/>
      </object_component>
      <object_component id="oc-81a">
         <name>.text:UART_IsTransmitting</name>
         <load_address>0x1297c</load_address>
         <run_address>0x1297c</run_address>
         <size>0x1e</size>
         <input_file_ref idref="fl-e"/>
      </object_component>
      <object_component id="oc-7f9">
         <name>.text:Terminal_HideCursor</name>
         <load_address>0x1299a</load_address>
         <run_address>0x1299a</run_address>
         <size>0x1c</size>
         <input_file_ref idref="fl-c"/>
      </object_component>
      <object_component id="oc-80b">
         <name>.text:Terminal_ShowCursor</name>
         <load_address>0x129b6</load_address>
         <run_address>0x129b6</run_address>
         <size>0x1c</size>
         <input_file_ref idref="fl-c"/>
      </object_component>
      <object_component id="oc-45b">
         <name>.text:hal_UART_RxByte</name>
         <load_address>0x129d2</load_address>
         <run_address>0x129d2</run_address>
         <size>0x1c</size>
         <input_file_ref idref="fl-5"/>
      </object_component>
      <object_component id="oc-6d3">
         <name>.text:Buffer_Str</name>
         <load_address>0x129ee</load_address>
         <run_address>0x129ee</run_address>
         <size>0x1a</size>
         <input_file_ref idref="fl-3"/>
      </object_component>
      <object_component id="oc-58e">
         <name>.text:Help</name>
         <load_address>0x12a08</load_address>
         <run_address>0x12a08</run_address>
         <size>0x1a</size>
         <input_file_ref idref="fl-8"/>
      </object_component>
      <object_component id="oc-546">
         <name>.text:SortTask</name>
         <load_address>0x12a22</load_address>
         <run_address>0x12a22</run_address>
         <size>0x1a</size>
         <input_file_ref idref="fl-b"/>
      </object_component>
      <object_component id="oc-62d">
         <name>.text:List_GetNext</name>
         <load_address>0x12a3c</load_address>
         <run_address>0x12a3c</run_address>
         <size>0x18</size>
         <input_file_ref idref="fl-6"/>
      </object_component>
      <object_component id="oc-87d">
         <name>.text:List_UnlinkItem</name>
         <load_address>0x12a54</load_address>
         <run_address>0x12a54</run_address>
         <size>0x18</size>
         <input_file_ref idref="fl-6"/>
      </object_component>
      <object_component id="oc-614">
         <name>.text:hal_Timing_Init</name>
         <load_address>0x12a6c</load_address>
         <run_address>0x12a6c</run_address>
         <size>0x18</size>
         <input_file_ref idref="fl-d"/>
      </object_component>
      <object_component id="oc-453">
         <name>.text</name>
         <load_address>0x12a84</load_address>
         <run_address>0x12a84</run_address>
         <size>0x18</size>
         <input_file_ref idref="fl-4e"/>
      </object_component>
      <object_component id="oc-59d">
         <name>.text:Game_ClearScreen</name>
         <load_address>0x12a9c</load_address>
         <run_address>0x12a9c</run_address>
         <size>0x16</size>
         <input_file_ref idref="fl-4"/>
      </object_component>
      <object_component id="oc-8b3">
         <name>.text:LogStr</name>
         <load_address>0x12ab2</load_address>
         <run_address>0x12ab2</run_address>
         <size>0x16</size>
         <input_file_ref idref="fl-a"/>
      </object_component>
      <object_component id="oc-402">
         <name>.text:hal_UART_ClearRxIF</name>
         <load_address>0x12ac8</load_address>
         <run_address>0x12ac8</run_address>
         <size>0x16</size>
         <input_file_ref idref="fl-5"/>
      </object_component>
      <object_component id="oc-642">
         <name>.text:hal_UART_Disable</name>
         <load_address>0x12ade</load_address>
         <run_address>0x12ade</run_address>
         <size>0x16</size>
         <input_file_ref idref="fl-5"/>
      </object_component>
      <object_component id="oc-48d">
         <name>.text:hal_UART_DisableTxInterrupt</name>
         <load_address>0x12af4</load_address>
         <run_address>0x12af4</run_address>
         <size>0x16</size>
         <input_file_ref idref="fl-5"/>
      </object_component>
      <object_component id="oc-652">
         <name>.text:hal_UART_Enable</name>
         <load_address>0x12b0a</load_address>
         <run_address>0x12b0a</run_address>
         <size>0x16</size>
         <input_file_ref idref="fl-5"/>
      </object_component>
      <object_component id="oc-65e">
         <name>.text:hal_UART_EnableRxInterrupt</name>
         <load_address>0x12b20</load_address>
         <run_address>0x12b20</run_address>
         <size>0x16</size>
         <input_file_ref idref="fl-5"/>
      </object_component>
      <object_component id="oc-658">
         <name>.text:hal_UART_EnableTxInterrupt</name>
         <load_address>0x12b36</load_address>
         <run_address>0x12b36</run_address>
         <size>0x16</size>
         <input_file_ref idref="fl-5"/>
      </object_component>
      <object_component id="oc-47b">
         <name>.text:hal_UART_TxByte</name>
         <load_address>0x12b4c</load_address>
         <run_address>0x12b4c</run_address>
         <size>0x16</size>
         <input_file_ref idref="fl-5"/>
      </object_component>
      <object_component id="oc-7c1">
         <name>.text</name>
         <load_address>0x12b62</load_address>
         <run_address>0x12b62</run_address>
         <size>0x16</size>
         <input_file_ref idref="fl-30"/>
      </object_component>
      <object_component id="oc-865">
         <name>.text:srand</name>
         <load_address>0x12b78</load_address>
         <run_address>0x12b78</run_address>
         <size>0x16</size>
         <input_file_ref idref="fl-62"/>
      </object_component>
      <object_component id="oc-633">
         <name>.text:Timing_Roll</name>
         <load_address>0x12b8e</load_address>
         <run_address>0x12b8e</run_address>
         <size>0x14</size>
         <input_file_ref idref="fl-d"/>
      </object_component>
      <object_component id="oc-38c">
         <name>.text:memcpy</name>
         <load_address>0x12ba2</load_address>
         <run_address>0x12ba2</run_address>
         <size>0x14</size>
         <input_file_ref idref="fl-61"/>
      </object_component>
      <object_component id="oc-73">
         <name>.text:decompress:none:__TI_decompress_none</name>
         <load_address>0x12bb6</load_address>
         <run_address>0x12bb6</run_address>
         <size>0x12</size>
         <input_file_ref idref="fl-5b"/>
      </object_component>
      <object_component id="oc-885">
         <name>.text:tolower</name>
         <load_address>0x12bc8</load_address>
         <run_address>0x12bc8</run_address>
         <size>0x12</size>
         <input_file_ref idref="fl-65"/>
      </object_component>
      <object_component id="oc-552">
         <name>.text:IdentifyTask</name>
         <load_address>0x12bda</load_address>
         <run_address>0x12bda</run_address>
         <size>0xe</size>
         <input_file_ref idref="fl-b"/>
      </object_component>
      <object_component id="oc-5c7">
         <name>.text:List_UnlinkFirst</name>
         <load_address>0x12be8</load_address>
         <run_address>0x12be8</run_address>
         <size>0xc</size>
         <input_file_ref idref="fl-6"/>
      </object_component>
      <object_component id="oc-684">
         <name>.text:Game_RegisterPlayer1Receiver</name>
         <load_address>0x12bf4</load_address>
         <run_address>0x12bf4</run_address>
         <size>0xa</size>
         <input_file_ref idref="fl-4"/>
      </object_component>
      <object_component id="oc-5c1">
         <name>.text:TimeNow</name>
         <load_address>0x12bfe</load_address>
         <run_address>0x12bfe</run_address>
         <size>0xa</size>
         <input_file_ref idref="fl-d"/>
      </object_component>
      <object_component id="oc-467">
         <name>.text</name>
         <load_address>0x12c08</load_address>
         <run_address>0x12c08</run_address>
         <size>0xa</size>
         <input_file_ref idref="fl-4b"/>
      </object_component>
      <object_component id="oc-666">
         <name>.text:Game_HideCursor</name>
         <load_address>0x12c12</load_address>
         <run_address>0x12c12</run_address>
         <size>0x8</size>
         <input_file_ref idref="fl-4"/>
      </object_component>
      <object_component id="oc-7ff">
         <name>.text:Log_GetEcho</name>
         <load_address>0x12c1a</load_address>
         <run_address>0x12c1a</run_address>
         <size>0x8</size>
         <input_file_ref idref="fl-a"/>
      </object_component>
      <object_component id="oc-558">
         <name>.text:List_SetIdentifyFunction</name>
         <load_address>0x12c22</load_address>
         <run_address>0x12c22</run_address>
         <size>0x6</size>
         <input_file_ref idref="fl-6"/>
      </object_component>
      <object_component id="oc-54c">
         <name>.text:List_SetSortFunction</name>
         <load_address>0x12c28</load_address>
         <run_address>0x12c28</run_address>
         <size>0x6</size>
         <input_file_ref idref="fl-6"/>
      </object_component>
      <object_component id="oc-805">
         <name>.text:Log_EchoOff</name>
         <load_address>0x12c2e</load_address>
         <run_address>0x12c2e</run_address>
         <size>0x6</size>
         <input_file_ref idref="fl-a"/>
      </object_component>
      <object_component id="oc-4af">
         <name>.text:Log_EchoOn</name>
         <load_address>0x12c34</load_address>
         <run_address>0x12c34</run_address>
         <size>0x6</size>
         <input_file_ref idref="fl-a"/>
      </object_component>
      <object_component id="oc-4c3">
         <name>.text:abort</name>
         <load_address>0x12c3a</load_address>
         <run_address>0x12c3a</run_address>
         <size>0x6</size>
         <input_file_ref idref="fl-5e"/>
      </object_component>
      <object_component id="oc-487">
         <name>.text:Buffer_GetSize</name>
         <load_address>0x12c40</load_address>
         <run_address>0x12c40</run_address>
         <size>0x4</size>
         <input_file_ref idref="fl-2"/>
      </object_component>
      <object_component id="oc-845">
         <name>.text:Play</name>
         <load_address>0x12c44</load_address>
         <run_address>0x12c44</run_address>
         <size>0x4</size>
         <input_file_ref idref="fl-4"/>
      </object_component>
      <object_component id="oc-417">
         <name>.text:_system_pre_init</name>
         <load_address>0x12c48</load_address>
         <run_address>0x12c48</run_address>
         <size>0x4</size>
         <input_file_ref idref="fl-59"/>
      </object_component>
      <object_component id="oc-70e">
         <name>.text:_nop</name>
         <load_address>0x12c4c</load_address>
         <run_address>0x12c4c</run_address>
         <size>0x2</size>
         <input_file_ref idref="fl-5f"/>
      </object_component>
      <object_component id="oc-5ec">
         <name>.text:_system_post_cinit</name>
         <load_address>0x12c4e</load_address>
         <run_address>0x12c4e</run_address>
         <size>0x2</size>
         <input_file_ref idref="fl-5a"/>
      </object_component>
      <object_component id="oc-3bc">
         <name>.text:_isr:_c_int00_noargs</name>
         <load_address>0x4400</load_address>
         <run_address>0x4400</run_address>
         <size>0x1c</size>
         <input_file_ref idref="fl-54"/>
      </object_component>
      <object_component id="oc-3a4">
         <name>.text:_isr:_UART0_ISR</name>
         <load_address>0x441c</load_address>
         <run_address>0x441c</run_address>
         <size>0x18</size>
         <input_file_ref idref="fl-5"/>
      </object_component>
      <object_component id="oc-39e">
         <name>.text:_isr:TIMER0_A0_ISR</name>
         <load_address>0x4434</load_address>
         <run_address>0x4434</run_address>
         <size>0xe</size>
         <input_file_ref idref="fl-d"/>
      </object_component>
      <object_component id="oc-399">
         <name>.text:_isr:__TI_ISR_TRAP</name>
         <load_address>0x4442</load_address>
         <run_address>0x4442</run_address>
         <size>0x8</size>
         <input_file_ref idref="fl-4a"/>
      </object_component>
      <object_component id="oc-967">
         <name>.cinit..data.load</name>
         <load_address>0x47de</load_address>
         <run_address>0x47de</run_address>
         <size>0x26</size>
      </object_component>
      <object_component id="oc-964">
         <name>__TI_handler_table</name>
         <load_address>0x4804</load_address>
         <run_address>0x4804</run_address>
         <size>0xc</size>
      </object_component>
      <object_component id="oc-966">
         <name>.cinit..bss.load</name>
         <load_address>0x4810</load_address>
         <run_address>0x4810</run_address>
         <size>0x6</size>
      </object_component>
      <object_component id="oc-965">
         <name>__TI_cinit_table</name>
         <load_address>0x4816</load_address>
         <run_address>0x4816</run_address>
         <size>0x10</size>
      </object_component>
      <object_component id="oc-6ad">
         <name>.const:.string</name>
         <load_address>0x444a</load_address>
         <run_address>0x444a</run_address>
         <size>0x116</size>
         <input_file_ref idref="fl-4"/>
      </object_component>
      <object_component id="oc-8ab">
         <name>.const:.string:_ctypes_</name>
         <load_address>0x4560</load_address>
         <run_address>0x4560</run_address>
         <size>0x101</size>
         <input_file_ref idref="fl-69"/>
      </object_component>
      <object_component id="oc-892">
         <name>.const:.string</name>
         <load_address>0x4662</load_address>
         <run_address>0x4662</run_address>
         <size>0xc4</size>
         <input_file_ref idref="fl-a"/>
      </object_component>
      <object_component id="oc-587">
         <name>.const:.string</name>
         <load_address>0x4726</load_address>
         <run_address>0x4726</run_address>
         <size>0x72</size>
         <input_file_ref idref="fl-8"/>
      </object_component>
      <object_component id="oc-811">
         <name>.const:.string</name>
         <load_address>0x4798</load_address>
         <run_address>0x4798</run_address>
         <size>0x30</size>
         <input_file_ref idref="fl-c"/>
      </object_component>
      <object_component id="oc-4b5">
         <name>.const:.string</name>
         <load_address>0x47c8</load_address>
         <run_address>0x47c8</run_address>
         <size>0x16</size>
         <input_file_ref idref="fl-7"/>
      </object_component>
      <object_component id="oc-8f6">
         <name>.binit</name>
         <load_address>0x4400</load_address>
         <run_address>0x4400</run_address>
         <size>0x0</size>
      </object_component>
      <object_component id="oc-79">
         <name>.int41</name>
         <load_address>0xffd2</load_address>
         <run_address>0xffd2</run_address>
         <size>0x2</size>
         <input_file_ref idref="fl-36"/>
      </object_component>
      <object_component id="oc-7a">
         <name>.int42</name>
         <load_address>0xffd4</load_address>
         <run_address>0xffd4</run_address>
         <size>0x2</size>
         <input_file_ref idref="fl-37"/>
      </object_component>
      <object_component id="oc-7b">
         <name>.int43</name>
         <load_address>0xffd6</load_address>
         <run_address>0xffd6</run_address>
         <size>0x2</size>
         <input_file_ref idref="fl-38"/>
      </object_component>
      <object_component id="oc-7c">
         <name>.int44</name>
         <load_address>0xffd8</load_address>
         <run_address>0xffd8</run_address>
         <size>0x2</size>
         <input_file_ref idref="fl-39"/>
      </object_component>
      <object_component id="oc-7d">
         <name>.int45</name>
         <load_address>0xffda</load_address>
         <run_address>0xffda</run_address>
         <size>0x2</size>
         <input_file_ref idref="fl-3a"/>
      </object_component>
      <object_component id="oc-7e">
         <name>.int46</name>
         <load_address>0xffdc</load_address>
         <run_address>0xffdc</run_address>
         <size>0x2</size>
         <input_file_ref idref="fl-3b"/>
      </object_component>
      <object_component id="oc-7f">
         <name>.int47</name>
         <load_address>0xffde</load_address>
         <run_address>0xffde</run_address>
         <size>0x2</size>
         <input_file_ref idref="fl-3c"/>
      </object_component>
      <object_component id="oc-80">
         <name>.int48</name>
         <load_address>0xffe0</load_address>
         <run_address>0xffe0</run_address>
         <size>0x2</size>
         <input_file_ref idref="fl-3d"/>
      </object_component>
      <object_component id="oc-81">
         <name>.int49</name>
         <load_address>0xffe2</load_address>
         <run_address>0xffe2</run_address>
         <size>0x2</size>
         <input_file_ref idref="fl-3e"/>
      </object_component>
      <object_component id="oc-82">
         <name>.int50</name>
         <load_address>0xffe4</load_address>
         <run_address>0xffe4</run_address>
         <size>0x2</size>
         <input_file_ref idref="fl-3f"/>
      </object_component>
      <object_component id="oc-83">
         <name>.int51</name>
         <load_address>0xffe6</load_address>
         <run_address>0xffe6</run_address>
         <size>0x2</size>
         <input_file_ref idref="fl-40"/>
      </object_component>
      <object_component id="oc-84">
         <name>.int52</name>
         <load_address>0xffe8</load_address>
         <run_address>0xffe8</run_address>
         <size>0x2</size>
         <input_file_ref idref="fl-41"/>
      </object_component>
      <object_component id="oc-85">
         <name>.int53</name>
         <load_address>0xffea</load_address>
         <run_address>0xffea</run_address>
         <size>0x2</size>
         <input_file_ref idref="fl-d"/>
      </object_component>
      <object_component id="oc-86">
         <name>.int54</name>
         <load_address>0xffec</load_address>
         <run_address>0xffec</run_address>
         <size>0x2</size>
         <input_file_ref idref="fl-42"/>
      </object_component>
      <object_component id="oc-87">
         <name>.int55</name>
         <load_address>0xffee</load_address>
         <run_address>0xffee</run_address>
         <size>0x2</size>
         <input_file_ref idref="fl-43"/>
      </object_component>
      <object_component id="oc-88">
         <name>.int56</name>
         <load_address>0xfff0</load_address>
         <run_address>0xfff0</run_address>
         <size>0x2</size>
         <input_file_ref idref="fl-5"/>
      </object_component>
      <object_component id="oc-89">
         <name>.int57</name>
         <load_address>0xfff2</load_address>
         <run_address>0xfff2</run_address>
         <size>0x2</size>
         <input_file_ref idref="fl-44"/>
      </object_component>
      <object_component id="oc-8a">
         <name>.int58</name>
         <load_address>0xfff4</load_address>
         <run_address>0xfff4</run_address>
         <size>0x2</size>
         <input_file_ref idref="fl-45"/>
      </object_component>
      <object_component id="oc-8b">
         <name>.int59</name>
         <load_address>0xfff6</load_address>
         <run_address>0xfff6</run_address>
         <size>0x2</size>
         <input_file_ref idref="fl-46"/>
      </object_component>
      <object_component id="oc-8c">
         <name>.int60</name>
         <load_address>0xfff8</load_address>
         <run_address>0xfff8</run_address>
         <size>0x2</size>
         <input_file_ref idref="fl-47"/>
      </object_component>
      <object_component id="oc-8d">
         <name>.int61</name>
         <load_address>0xfffa</load_address>
         <run_address>0xfffa</run_address>
         <size>0x2</size>
         <input_file_ref idref="fl-48"/>
      </object_component>
      <object_component id="oc-8e">
         <name>.int62</name>
         <load_address>0xfffc</load_address>
         <run_address>0xfffc</run_address>
         <size>0x2</size>
         <input_file_ref idref="fl-49"/>
      </object_component>
      <object_component id="oc-380">
         <name>.reset</name>
         <load_address>0xfffe</load_address>
         <run_address>0xfffe</run_address>
         <size>0x2</size>
         <input_file_ref idref="fl-54"/>
      </object_component>
      <object_component id="oc-502">
         <name>.debug_info</name>
         <load_address>0x0</load_address>
         <run_address>0x0</run_address>
         <size>0x314</size>
         <input_file_ref idref="fl-2"/>
      </object_component>
      <object_component id="oc-57d">
         <name>.debug_info</name>
         <load_address>0x314</load_address>
         <run_address>0x314</run_address>
         <size>0x2ae</size>
         <input_file_ref idref="fl-2"/>
      </object_component>
      <object_component id="oc-488">
         <name>.debug_info</name>
         <load_address>0x5c2</load_address>
         <run_address>0x5c2</run_address>
         <size>0x24c</size>
         <input_file_ref idref="fl-2"/>
      </object_component>
      <object_component id="oc-462">
         <name>.debug_info</name>
         <load_address>0x80e</load_address>
         <run_address>0x80e</run_address>
         <size>0x2a8</size>
         <input_file_ref idref="fl-2"/>
      </object_component>
      <object_component id="oc-476">
         <name>.debug_info</name>
         <load_address>0xab6</load_address>
         <run_address>0xab6</run_address>
         <size>0x272</size>
         <input_file_ref idref="fl-2"/>
      </object_component>
      <object_component id="oc-50b">
         <name>.debug_info</name>
         <load_address>0xd28</load_address>
         <run_address>0xd28</run_address>
         <size>0xd6</size>
         <input_file_ref idref="fl-2"/>
      </object_component>
      <object_component id="oc-44e">
         <name>.debug_info</name>
         <load_address>0xdfe</load_address>
         <run_address>0xdfe</run_address>
         <size>0x26b</size>
         <input_file_ref idref="fl-2"/>
      </object_component>
      <object_component id="oc-444">
         <name>.debug_info</name>
         <load_address>0x1069</load_address>
         <run_address>0x1069</run_address>
         <size>0x757</size>
         <input_file_ref idref="fl-2"/>
      </object_component>
      <object_component id="oc-6b1">
         <name>.debug_info</name>
         <load_address>0x17c0</load_address>
         <run_address>0x17c0</run_address>
         <size>0xb1</size>
         <input_file_ref idref="fl-2"/>
      </object_component>
      <object_component id="oc-387">
         <name>.debug_info</name>
         <load_address>0x1871</load_address>
         <run_address>0x1871</run_address>
         <size>0x84</size>
         <input_file_ref idref="fl-2"/>
      </object_component>
      <object_component id="oc-503">
         <name>.debug_info</name>
         <load_address>0x18f5</load_address>
         <run_address>0x18f5</run_address>
         <size>0x275</size>
         <input_file_ref idref="fl-2"/>
      </object_component>
      <object_component id="oc-449">
         <name>.debug_info</name>
         <load_address>0x1b6a</load_address>
         <run_address>0x1b6a</run_address>
         <size>0xbb</size>
         <input_file_ref idref="fl-2"/>
      </object_component>
      <object_component id="oc-3f0">
         <name>.debug_info</name>
         <load_address>0x1c25</load_address>
         <run_address>0x1c25</run_address>
         <size>0x2c</size>
         <input_file_ref idref="fl-2"/>
      </object_component>
      <object_component id="oc-6ec">
         <name>.debug_info</name>
         <load_address>0x1c51</load_address>
         <run_address>0x1c51</run_address>
         <size>0x2df</size>
         <input_file_ref idref="fl-3"/>
      </object_component>
      <object_component id="oc-6be">
         <name>.debug_info</name>
         <load_address>0x1f30</load_address>
         <run_address>0x1f30</run_address>
         <size>0x2c8</size>
         <input_file_ref idref="fl-3"/>
      </object_component>
      <object_component id="oc-6ca">
         <name>.debug_info</name>
         <load_address>0x21f8</load_address>
         <run_address>0x21f8</run_address>
         <size>0x2c9</size>
         <input_file_ref idref="fl-3"/>
      </object_component>
      <object_component id="oc-6c4">
         <name>.debug_info</name>
         <load_address>0x24c1</load_address>
         <run_address>0x24c1</run_address>
         <size>0x296</size>
         <input_file_ref idref="fl-3"/>
      </object_component>
      <object_component id="oc-6d0">
         <name>.debug_info</name>
         <load_address>0x2757</load_address>
         <run_address>0x2757</run_address>
         <size>0x2bd</size>
         <input_file_ref idref="fl-3"/>
      </object_component>
      <object_component id="oc-6d6">
         <name>.debug_info</name>
         <load_address>0x2a14</load_address>
         <run_address>0x2a14</run_address>
         <size>0x27c</size>
         <input_file_ref idref="fl-3"/>
      </object_component>
      <object_component id="oc-6db">
         <name>.debug_info</name>
         <load_address>0x2c90</load_address>
         <run_address>0x2c90</run_address>
         <size>0x28c</size>
         <input_file_ref idref="fl-3"/>
      </object_component>
      <object_component id="oc-6e7">
         <name>.debug_info</name>
         <load_address>0x2f1c</load_address>
         <run_address>0x2f1c</run_address>
         <size>0x356</size>
         <input_file_ref idref="fl-3"/>
      </object_component>
      <object_component id="oc-5aa">
         <name>.debug_info</name>
         <load_address>0x3272</load_address>
         <run_address>0x3272</run_address>
         <size>0x3c1</size>
         <input_file_ref idref="fl-3"/>
      </object_component>
      <object_component id="oc-51a">
         <name>.debug_info</name>
         <load_address>0x3633</load_address>
         <run_address>0x3633</run_address>
         <size>0x2c</size>
         <input_file_ref idref="fl-3"/>
      </object_component>
      <object_component id="oc-60f">
         <name>.debug_info</name>
         <load_address>0x365f</load_address>
         <run_address>0x365f</run_address>
         <size>0x66a</size>
         <input_file_ref idref="fl-4"/>
      </object_component>
      <object_component id="oc-69f">
         <name>.debug_info</name>
         <load_address>0x3cc9</load_address>
         <run_address>0x3cc9</run_address>
         <size>0x17b</size>
         <input_file_ref idref="fl-4"/>
      </object_component>
      <object_component id="oc-6a1">
         <name>.debug_info</name>
         <load_address>0x3e44</load_address>
         <run_address>0x3e44</run_address>
         <size>0x31a</size>
         <input_file_ref idref="fl-4"/>
      </object_component>
      <object_component id="oc-66f">
         <name>.debug_info</name>
         <load_address>0x415e</load_address>
         <run_address>0x415e</run_address>
         <size>0x295</size>
         <input_file_ref idref="fl-4"/>
      </object_component>
      <object_component id="oc-694">
         <name>.debug_info</name>
         <load_address>0x43f3</load_address>
         <run_address>0x43f3</run_address>
         <size>0x272</size>
         <input_file_ref idref="fl-4"/>
      </object_component>
      <object_component id="oc-686">
         <name>.debug_info</name>
         <load_address>0x4665</load_address>
         <run_address>0x4665</run_address>
         <size>0x27c</size>
         <input_file_ref idref="fl-4"/>
      </object_component>
      <object_component id="oc-69a">
         <name>.debug_info</name>
         <load_address>0x48e1</load_address>
         <run_address>0x48e1</run_address>
         <size>0x27c</size>
         <input_file_ref idref="fl-4"/>
      </object_component>
      <object_component id="oc-596">
         <name>.debug_info</name>
         <load_address>0x4b5d</load_address>
         <run_address>0x4b5d</run_address>
         <size>0x2ff</size>
         <input_file_ref idref="fl-4"/>
      </object_component>
      <object_component id="oc-76a">
         <name>.debug_info</name>
         <load_address>0x4e5c</load_address>
         <run_address>0x4e5c</run_address>
         <size>0x292</size>
         <input_file_ref idref="fl-4"/>
      </object_component>
      <object_component id="oc-668">
         <name>.debug_info</name>
         <load_address>0x50ee</load_address>
         <run_address>0x50ee</run_address>
         <size>0x23c</size>
         <input_file_ref idref="fl-4"/>
      </object_component>
      <object_component id="oc-67a">
         <name>.debug_info</name>
         <load_address>0x532a</load_address>
         <run_address>0x532a</run_address>
         <size>0x2a9</size>
         <input_file_ref idref="fl-4"/>
      </object_component>
      <object_component id="oc-674">
         <name>.debug_info</name>
         <load_address>0x55d3</load_address>
         <run_address>0x55d3</run_address>
         <size>0x391</size>
         <input_file_ref idref="fl-4"/>
      </object_component>
      <object_component id="oc-59f">
         <name>.debug_info</name>
         <load_address>0x5964</load_address>
         <run_address>0x5964</run_address>
         <size>0x243</size>
         <input_file_ref idref="fl-4"/>
      </object_component>
      <object_component id="oc-847">
         <name>.debug_info</name>
         <load_address>0x5ba7</load_address>
         <run_address>0x5ba7</run_address>
         <size>0x241</size>
         <input_file_ref idref="fl-4"/>
      </object_component>
      <object_component id="oc-7af">
         <name>.debug_info</name>
         <load_address>0x5de8</load_address>
         <run_address>0x5de8</run_address>
         <size>0x440</size>
         <input_file_ref idref="fl-4"/>
      </object_component>
      <object_component id="oc-736">
         <name>.debug_info</name>
         <load_address>0x6228</load_address>
         <run_address>0x6228</run_address>
         <size>0xc2</size>
         <input_file_ref idref="fl-4"/>
      </object_component>
      <object_component id="oc-51f">
         <name>.debug_info</name>
         <load_address>0x62ea</load_address>
         <run_address>0x62ea</run_address>
         <size>0x39</size>
         <input_file_ref idref="fl-4"/>
      </object_component>
      <object_component id="oc-73b">
         <name>.debug_info</name>
         <load_address>0x6323</load_address>
         <run_address>0x6323</run_address>
         <size>0x5a</size>
         <input_file_ref idref="fl-4"/>
      </object_component>
[...]
         <name>Subsystem_Init</name>
         <value>0x11984</value>
         <object_component_ref idref="oc-7b3"/>
      </symbol>
      <symbol id="sm-7c4">
         <name>Log_GetEcho</name>
         <value>0x12c1a</value>
         <object_component_ref idref="oc-7ff"/>
      </symbol>
      <symbol id="sm-7c5">
         <name>Subsystem_Write</name>
         <value>0x11e12</value>
         <object_component_ref idref="oc-8b9"/>
      </symbol>
      <symbol id="sm-7c6">
         <name>LogStr</name>
         <value>0x12ab2</value>
         <object_component_ref idref="oc-8b3"/>
      </symbol>
      <symbol id="sm-7c7">
         <name>Subsystem_GetName</name>
         <value>0x126c2</value>
         <object_component_ref idref="oc-8e8"/>
      </symbol>
      <symbol id="sm-82d">
         <name>task_list_array</name>
         <value>0x3400</value>
      </symbol>
      <symbol id="sm-82e">
         <name>task_list_links</name>
         <value>0x3a2c</value>
      </symbol>
      <symbol id="sm-82f">
         <name>task_list</name>
         <value>0x3d56</value>
      </symbol>
      <symbol id="sm-830">
         <name>idle_task</name>
         <value>0x3e1a</value>
      </symbol>
      <symbol id="sm-831">
         <name>Task_Remove</name>
         <value>0x116ec</value>
         <object_component_ref idref="oc-837"/>
      </symbol>
      <symbol id="sm-832">
         <name>SystemTick</name>
         <value>0x10fec</value>
         <object_component_ref idref="oc-4bc"/>
      </symbol>
      <symbol id="sm-833">
         <name>Task_Schedule</name>
         <value>0x120fc</value>
         <object_component_ref idref="oc-565"/>
      </symbol>
      <symbol id="sm-834">
         <name>Task_Init</name>
         <value>0x11aee</value>
         <object_component_ref idref="oc-49d"/>
      </symbol>
      <symbol id="sm-835">
         <name>Task_ChangePeriod</name>
         <value>0x11c98</value>
         <object_component_ref idref="oc-830"/>
      </symbol>
      <symbol id="sm-85a">
         <name>Terminal_ShowCursor</name>
         <value>0x129b6</value>
         <object_component_ref idref="oc-80b"/>
      </symbol>
      <symbol id="sm-85b">
         <name>Terminal_SetColor</name>
         <value>0x128c2</value>
         <object_component_ref idref="oc-75b"/>
      </symbol>
      <symbol id="sm-85c">
         <name>Terminal_HideCursor</name>
         <value>0x1299a</value>
         <object_component_ref idref="oc-7f9"/>
      </symbol>
      <symbol id="sm-85d">
         <name>Terminal_CharXY</name>
         <value>0x125d6</value>
         <object_component_ref idref="oc-76f"/>
      </symbol>
      <symbol id="sm-89e">
         <name>time_ms</name>
         <value>0x3e22</value>
      </symbol>
      <symbol id="sm-89f">
         <name>rollover_time</name>
         <value>0x3e1e</value>
      </symbol>
      <symbol id="sm-8a0">
         <name>DelayMs</name>
         <value>0x127ec</value>
         <object_component_ref idref="oc-762"/>
      </symbol>
      <symbol id="sm-8a1">
         <name>TimeNow</name>
         <value>0x12bfe</value>
         <object_component_ref idref="oc-5c1"/>
      </symbol>
      <symbol id="sm-8a2">
         <name>__TI_int53</name>
         <value>0xffea</value>
         <object_component_ref idref="oc-85"/>
      </symbol>
      <symbol id="sm-8a3">
         <name>Timing_Init</name>
         <value>0x1295e</value>
         <object_component_ref idref="oc-535"/>
      </symbol>
      <symbol id="sm-8a4">
         <name>Timing_Roll</name>
         <value>0x12b8e</value>
         <object_component_ref idref="oc-633"/>
      </symbol>
      <symbol id="sm-8a5">
         <name>TimeSince</name>
         <value>0x12394</value>
         <object_component_ref idref="oc-813"/>
      </symbol>
      <symbol id="sm-8a6">
         <name>hal_Timing_Init</name>
         <value>0x12a6c</value>
         <object_component_ref idref="oc-614"/>
      </symbol>
      <symbol id="sm-8a7">
         <name>TIMER0_A0_ISR</name>
         <value>0x4434</value>
         <object_component_ref idref="oc-39e"/>
      </symbol>
      <symbol id="sm-91c">
         <name>rx0</name>
         <value>0x3da6</value>
      </symbol>
      <symbol id="sm-91d">
         <name>tx0</name>
         <value>0x3dc2</value>
      </symbol>
      <symbol id="sm-91e">
         <name>tx_buffer_array0</name>
         <value>0x2400</value>
      </symbol>
      <symbol id="sm-91f">
         <name>rx_buffer_array0</name>
         <value>0x3d86</value>
      </symbol>
      <symbol id="sm-920">
         <name>receiverList0</name>
         <value>0x3e0a</value>
      </symbol>
      <symbol id="sm-921">
         <name>receiver_array0</name>
         <value>0x3e12</value>
      </symbol>
      <symbol id="sm-922">
         <name>uart</name>
         <value>0x3df8</value>
      </symbol>
      <symbol id="sm-923">
         <name>rx_flags</name>
         <value>0x3e2a</value>
      </symbol>
      <symbol id="sm-924">
         <name>error_flags</name>
         <value>0x3e28</value>
      </symbol>
      <symbol id="sm-925">
         <name>UART_Rx_Handler</name>
         <value>0x123d2</value>
         <object_component_ref idref="oc-3fc"/>
      </symbol>
      <symbol id="sm-926">
         <name>UART_Tx_Handler</name>
         <value>0x12062</value>
         <object_component_ref idref="oc-408"/>
      </symbol>
      <symbol id="sm-927">
         <name>UART_printf</name>
         <value>0x12608</value>
         <object_component_ref idref="oc-4b6"/>
      </symbol>
      <symbol id="sm-928">
         <name>UART_WriteByte</name>
         <value>0x127c2</value>
         <object_component_ref idref="oc-8c0"/>
      </symbol>
      <symbol id="sm-929">
         <name>UART_RegisterReceiver</name>
         <value>0x121ce</value>
         <object_component_ref idref="oc-783"/>
      </symbol>
      <symbol id="sm-92a">
         <name>UART_IsTransmitting</name>
         <value>0x1297c</value>
         <object_component_ref idref="oc-81a"/>
      </symbol>
      <symbol id="sm-92b">
         <name>UART_vprintf</name>
         <value>0x12668</value>
         <object_component_ref idref="oc-7a6"/>
      </symbol>
      <symbol id="sm-92c">
         <name>UART_Tick</name>
         <value>0x1080e</value>
         <object_component_ref idref="oc-56d"/>
      </symbol>
      <symbol id="sm-92d">
         <name>UART_Init</name>
         <value>0x11406</value>
         <object_component_ref idref="oc-4a3"/>
      </symbol>
      <symbol id="sm-939">
         <name>__mspabi_remi</name>
         <value>0x126ee</value>
         <object_component_ref idref="oc-871"/>
      </symbol>
      <symbol id="sm-93a">
         <name>__mspabi_divi</name>
         <value>0x126ee</value>
         <object_component_ref idref="oc-871"/>
      </symbol>
      <symbol id="sm-944">
         <name>__mspabi_remu</name>
         <value>0x12b62</value>
         <object_component_ref idref="oc-7c1"/>
      </symbol>
      <symbol id="sm-945">
         <name>__mspabi_divu</name>
         <value>0x12b62</value>
         <object_component_ref idref="oc-7c1"/>
      </symbol>
      <symbol id="sm-954">
         <name>__mspabi_remul</name>
         <value>0x11e6c</value>
         <object_component_ref idref="oc-648"/>
      </symbol>
      <symbol id="sm-955">
         <name>__mspabi_divul</name>
         <value>0x11e6c</value>
         <object_component_ref idref="oc-648"/>
      </symbol>
      <symbol id="sm-96c">
         <name>__mspabi_mpyf</name>
         <value>0x110a4</value>
         <object_component_ref idref="oc-7d5"/>
      </symbol>
      <symbol id="sm-97e">
         <name>__mspabi_fixfi</name>
         <value>0x11bcc</value>
         <object_component_ref idref="oc-7d0"/>
      </symbol>
      <symbol id="sm-991">
         <name>__mspabi_fixfli</name>
         <value>0x11906</value>
         <object_component_ref idref="oc-7da"/>
      </symbol>
      <symbol id="sm-994">
         <name>__TI_int41</name>
         <value>0xffd2</value>
         <object_component_ref idref="oc-79"/>
      </symbol>
      <symbol id="sm-997">
         <name>__TI_int42</name>
         <value>0xffd4</value>
         <object_component_ref idref="oc-7a"/>
      </symbol>
      <symbol id="sm-99a">
         <name>__TI_int43</name>
         <value>0xffd6</value>
         <object_component_ref idref="oc-7b"/>
      </symbol>
      <symbol id="sm-99d">
         <name>__TI_int44</name>
         <value>0xffd8</value>
         <object_component_ref idref="oc-7c"/>
      </symbol>
      <symbol id="sm-9a0">
         <name>__TI_int45</name>
         <value>0xffda</value>
         <object_component_ref idref="oc-7d"/>
      </symbol>
      <symbol id="sm-9a3">
         <name>__TI_int46</name>
         <value>0xffdc</value>
         <object_component_ref idref="oc-7e"/>
      </symbol>
      <symbol id="sm-9a6">
         <name>__TI_int47</name>
         <value>0xffde</value>
         <object_component_ref idref="oc-7f"/>
      </symbol>
      <symbol id="sm-9a9">
         <name>__TI_int48</name>
         <value>0xffe0</value>
         <object_component_ref idref="oc-80"/>
      </symbol>
      <symbol id="sm-9ac">
         <name>__TI_int49</name>
         <value>0xffe2</value>
         <object_component_ref idref="oc-81"/>
      </symbol>
      <symbol id="sm-9af">
         <name>__TI_int50</name>
         <value>0xffe4</value>
         <object_component_ref idref="oc-82"/>
      </symbol>
      <symbol id="sm-9b2">
         <name>__TI_int51</name>
         <value>0xffe6</value>
         <object_component_ref idref="oc-83"/>
      </symbol>
      <symbol id="sm-9b5">
         <name>__TI_int52</name>
         <value>0xffe8</value>
         <object_component_ref idref="oc-84"/>
      </symbol>
      <symbol id="sm-9b8">
         <name>__TI_int54</name>
         <value>0xffec</value>
         <object_component_ref idref="oc-86"/>
      </symbol>
      <symbol id="sm-9bb">
         <name>__TI_int55</name>
         <value>0xffee</value>
         <object_component_ref idref="oc-87"/>
      </symbol>
      <symbol id="sm-9be">
         <name>__TI_int57</name>
         <value>0xfff2</value>
         <object_component_ref idref="oc-89"/>
      </symbol>
      <symbol id="sm-9c1">
         <name>__TI_int58</name>
         <value>0xfff4</value>
         <object_component_ref idref="oc-8a"/>
      </symbol>
      <symbol id="sm-9c4">
         <name>__TI_int59</name>
         <value>0xfff6</value>
         <object_component_ref idref="oc-8b"/>
      </symbol>
      <symbol id="sm-9c7">
         <name>__TI_int60</name>
         <value>0xfff8</value>
         <object_component_ref idref="oc-8c"/>
      </symbol>
      <symbol id="sm-9ca">
         <name>__TI_int61</name>
         <value>0xfffa</value>
         <object_component_ref idref="oc-8d"/>
      </symbol>
      <symbol id="sm-9cd">
         <name>__TI_int62</name>
         <value>0xfffc</value>
         <object_component_ref idref="oc-8e"/>
      </symbol>
      <symbol id="sm-9d5">
         <name>__TI_ISR_TRAP</name>
         <value>0x4442</value>
         <object_component_ref idref="oc-399"/>
      </symbol>
      <symbol id="sm-9de">
         <name>__mspabi_slli</name>
         <value>0x12c08</value>
         <object_component_ref idref="oc-467"/>
      </symbol>
      <symbol id="sm-9e6">
         <name>__mspabi_srll_8</name>
         <value>0x1246a</value>
         <object_component_ref idref="oc-64d"/>
      </symbol>
      <symbol id="sm-9e7">
         <name>__mspabi_srll_9</name>
         <value>0x12466</value>
         <object_component_ref idref="oc-64d"/>
      </symbol>
      <symbol id="sm-9e8">
         <name>__mspabi_srll_6</name>
         <value>0x12472</value>
         <object_component_ref idref="oc-64d"/>
      </symbol>
      <symbol id="sm-9e9">
         <name>__mspabi_srll_7</name>
         <value>0x1246e</value>
         <object_component_ref idref="oc-64d"/>
      </symbol>
      <symbol id="sm-9ea">
         <name>__mspabi_srll_4</name>
         <value>0x1247a</value>
         <object_component_ref idref="oc-64d"/>
      </symbol>
      <symbol id="sm-9eb">
         <name>__mspabi_srll_5</name>
         <value>0x12476</value>
         <object_component_ref idref="oc-64d"/>
      </symbol>
      <symbol id="sm-9ec">
         <name>__mspabi_srll_2</name>
         <value>0x12482</value>
         <object_component_ref idref="oc-64d"/>
      </symbol>
      <symbol id="sm-9ed">
         <name>__mspabi_srll_3</name>
         <value>0x1247e</value>
         <object_component_ref idref="oc-64d"/>
      </symbol>
      <symbol id="sm-9ee">
         <name>__mspabi_srll_1</name>
         <value>0x12486</value>
         <object_component_ref idref="oc-64d"/>
      </symbol>
      <symbol id="sm-9ef">
         <name>__mspabi_srll_15</name>
         <value>0x1244e</value>
         <object_component_ref idref="oc-64d"/>
      </symbol>
      <symbol id="sm-9f0">
         <name>__mspabi_srll_14</name>
         <value>0x12452</value>
         <object_component_ref idref="oc-64d"/>
      </symbol>
      <symbol id="sm-9f1">
         <name>__mspabi_srll_13</name>
         <value>0x12456</value>
         <object_component_ref idref="oc-64d"/>
      </symbol>
      <symbol id="sm-9f2">
         <name>__mspabi_srll_12</name>
         <value>0x1245a</value>
         <object_component_ref idref="oc-64d"/>
      </symbol>
      <symbol id="sm-9f3">
         <name>__mspabi_srll_11</name>
         <value>0x1245e</value>
         <object_component_ref idref="oc-64d"/>
      </symbol>
      <symbol id="sm-9f4">
         <name>__mspabi_srll_10</name>
         <value>0x12462</value>
         <object_component_ref idref="oc-64d"/>
      </symbol>
      <symbol id="sm-9fd">
         <name>__mspabi_mpyi_f5hw</name>
         <value>0x12a84</value>
         <object_component_ref idref="oc-453"/>
      </symbol>
      <symbol id="sm-a07">
         <name>__mspabi_mpyl_f5hw</name>
         <value>0x1285c</value>
         <object_component_ref idref="oc-8a2"/>
      </symbol>
      <symbol id="sm-a19">
         <name>_stack</name>
         <value>0x4360</value>
         <object_component_ref idref="oc-37d"/>
      </symbol>
      <symbol id="sm-a1a">
         <name>_c_int00_noargs</name>
         <value>0x4400</value>
         <object_component_ref idref="oc-3bc"/>
      </symbol>
      <symbol id="sm-a1b">
         <name>_reset_vector</name>
         <value>0xfffe</value>
         <object_component_ref idref="oc-380"/>
      </symbol>
      <symbol id="sm-a3e">
         <name>__TI_auto_init_nobinit_nopinit_hold_wdt</name>
         <value>0x11f6e</value>
         <object_component_ref idref="oc-4e7"/>
      </symbol>
      <symbol id="sm-a51">
         <name>__TI_zero_init</name>
         <value>0x12814</value>
         <object_component_ref idref="oc-3b0"/>
      </symbol>
      <symbol id="sm-a5c">
         <name>_system_pre_init</name>
         <value>0x12c48</value>
         <object_component_ref idref="oc-417"/>
      </symbol>
      <symbol id="sm-a65">
         <name>_system_post_cinit</name>
         <value>0x12c4e</value>
         <object_component_ref idref="oc-5ec"/>
      </symbol>
      <symbol id="sm-a76">
         <name>__TI_decompress_none</name>
         <value>0x12bb6</value>
         <object_component_ref idref="oc-73"/>
      </symbol>
      <symbol id="sm-a99">
         <name>__TI_decompress_lzss</name>
         <value>0x11a78</value>
         <object_component_ref idref="oc-6d"/>
      </symbol>
      <symbol id="sm-aac">
         <name>__mspabi_cvtdf</name>
         <value>0x11778</value>
         <object_component_ref idref="oc-6df"/>
      </symbol>
      <symbol id="sm-ab6">
         <name>C$$EXIT</name>
         <value>0x12c3a</value>
         <object_component_ref idref="oc-4c3"/>
      </symbol>
      <symbol id="sm-ab7">
         <name>abort</name>
         <value>0x12c3a</value>
         <object_component_ref idref="oc-4c3"/>
      </symbol>
      <symbol id="sm-acd">
         <name>_nop</name>
         <value>0x12c4c</value>
         <object_component_ref idref="oc-70e"/>
      </symbol>
      <symbol id="sm-ace">
         <name>_lock</name>
         <value>0x3e4a</value>
         <object_component_ref idref="oc-5de"/>
      </symbol>
      <symbol id="sm-acf">
         <name>_unlock</name>
         <value>0x3e4e</value>
         <object_component_ref idref="oc-5e7"/>
      </symbol>
      <symbol id="sm-ade">
         <name>memcpy</name>
         <value>0x12ba2</value>
         <object_component_ref idref="oc-38c"/>
      </symbol>
      <symbol id="sm-af7">
         <name>rand</name>
         <value>0x12316</value>
         <object_component_ref idref="oc-86b"/>
      </symbol>
      <symbol id="sm-af8">
         <name>srand</name>
         <value>0x12b78</value>
         <object_component_ref idref="oc-865"/>
      </symbol>
      <symbol id="sm-b06">
         <name>strcasecmp</name>
         <value>0x12538</value>
         <object_component_ref idref="oc-83f"/>
      </symbol>
      <symbol id="sm-b14">
         <name>tolower</name>
         <value>0x12bc8</value>
         <object_component_ref idref="oc-885"/>
      </symbol>
      <symbol id="sm-b1c">
         <name>__mspabi_slll_9</name>
         <value>0x12428</value>
         <object_component_ref idref="oc-7c9"/>
      </symbol>
      <symbol id="sm-b1d">
         <name>__mspabi_slll_8</name>
         <value>0x1242c</value>
         <object_component_ref idref="oc-7c9"/>
      </symbol>
      <symbol id="sm-b1e">
         <name>__mspabi_slll_7</name>
         <value>0x12430</value>
         <object_component_ref idref="oc-7c9"/>
      </symbol>
      <symbol id="sm-b1f">
         <name>__mspabi_slll_6</name>
         <value>0x12434</value>
         <object_component_ref idref="oc-7c9"/>
      </symbol>
      <symbol id="sm-b20">
         <name>__mspabi_slll_5</name>
         <value>0x12438</value>
         <object_component_ref idref="oc-7c9"/>
      </symbol>
      <symbol id="sm-b21">
         <name>__mspabi_slll_4</name>
         <value>0x1243c</value>
         <object_component_ref idref="oc-7c9"/>
      </symbol>
      <symbol id="sm-b22">
         <name>__mspabi_slll_3</name>
         <value>0x12440</value>
         <object_component_ref idref="oc-7c9"/>
      </symbol>
      <symbol id="sm-b23">
         <name>__mspabi_slll_2</name>
         <value>0x12444</value>
         <object_component_ref idref="oc-7c9"/>
      </symbol>
      <symbol id="sm-b24">
         <name>__mspabi_slll_1</name>
         <value>0x12448</value>
         <object_component_ref idref="oc-7c9"/>
      </symbol>
      <symbol id="sm-b25">
         <name>__mspabi_slll_15</name>
         <value>0x12410</value>
         <object_component_ref idref="oc-7c9"/>
      </symbol>
      <symbol id="sm-b26">
         <name>__mspabi_slll_14</name>
         <value>0x12414</value>
         <object_component_ref idref="oc-7c9"/>
      </symbol>
      <symbol id="sm-b27">
         <name>__mspabi_slll_13</name>
         <value>0x12418</value>
         <object_component_ref idref="oc-7c9"/>
      </symbol>
      <symbol id="sm-b28">
         <name>__mspabi_slll_12</name>
         <value>0x1241c</value>
         <object_component_ref idref="oc-7c9"/>
      </symbol>
      <symbol id="sm-b29">
         <name>__mspabi_slll_11</name>
         <value>0x12420</value>
         <object_component_ref idref="oc-7c9"/>
      </symbol>
      <symbol id="sm-b2a">
         <name>__mspabi_slll_10</name>
         <value>0x12424</value>
         <object_component_ref idref="oc-7c9"/>
      </symbol>
      <symbol id="sm-b36">
         <name>_ctypes_</name>
         <value>0x4560</value>
         <object_component_ref idref="oc-8ab"/>
      </symbol>
      <symbol id="sm-b38">
         <name>UART_ReconfigureBaud</name>
         <value>0x10254</value>
      </symbol>
   </symbol_table>
   <title>Link successful</title>
</link_info>
