<?xml version="1.0" encoding="ISO-8859-1" ?>
<link_info>
   <banner>MSP430 Linker PC v18.1.2.LTS</banner>
   <copyright>Copyright (c) 2003-2017 Texas Instruments Incorporated</copyright>
   <link_time>0x5c987721</link_time>
   <link_errors>0x0</link_errors>
   <output_file>MSP Mario Kart.out</output_file>
   <entry_point>
      <name>_c_int00_noargs</name>
      <address>0x4400</address>
   </entry_point>
   <input_file_list>
      <input_file id="fl-2">
         <path>.\</path>
         <kind>object</kind>
         <file>buffer.obj</file>
         <name>buffer.obj</name>
      </input_file>
      <input_file id="fl-3">
         <path>.\</path>
         <kind>object</kind>
         <file>buffer_printf.obj</file>
         <name>buffer_printf.obj</name>
      </input_file>
      <input_file id="fl-4">
         <path>.\</path>
         <kind>object</kind>
         <file>game.obj</file>
         <name>game.obj</name>
      </input_file>
      <input_file id="fl-5">
         <path>.\</path>
         <kind>object</kind>
         <file>hal_uart.obj</file>
         <name>hal_uart.obj</name>
      </input_file>
      <input_file id="fl-6">
         <path>.\</path>
         <kind>object</kind>
         <file>list.obj</file>
         <name>list.obj</name>
      </input_file>
      <input_file id="fl-7">
         <path>.\</path>
         <kind>object</kind>
         <file>main.obj</file>
         <name>main.obj</name>
      </input_file>
      <input_file id="fl-8">
         <path>.\</path>
         <kind>object</kind>
         <file>mario_kart.obj</file>
         <name>mario_kart.obj</name>
      </input_file>
      <input_file id="fl-9">
         <path>.\</path>
         <kind>object</kind>
         <file>random_int.obj</file>
         <name>random_int.obj</name>
      </input_file>
      <input_file id="fl-a">
         <path>.\</path>
         <kind>object</kind>
         <file>subsystem.obj</file>
         <name>subsystem.obj</name>
      </input_file>
      <input_file id="fl-b">
         <path>.\</path>
         <kind>object</kind>
         <file>task.obj</file>
         <name>task.obj</name>
      </input_file>
      <input_file id="fl-c">
         <path>.\</path>
         <kind>object</kind>
         <file>terminal.obj</file>
         <name>terminal.obj</name>
      </input_file>
      <input_file id="fl-d">
         <path>.\</path>
         <kind>object</kind>
         <file>timing.obj</file>
         <name>timing.obj</name>
      </input_file>
      <input_file id="fl-e">
         <path>.\</path>
         <kind>object</kind>
         <file>uart.obj</file>
         <name>uart.obj</name>
      </input_file>
      <input_file id="fl-14">
         <kind>object</kind>
         <file>&lt;internal&gt;</file>
         <name>&lt;internal&gt;</name>
      </input_file>
      <input_file id="fl-2f">
         <path>C:\ti\ccsv8\tools\compiler\ti-cgt-msp430_18.1.2.LTS\lib\</path>
         <kind>archive</kind>
         <file>rts430x_lc_rd_eabi.lib</file>
         <name>div16s.asm.obj</name>
      </input_file>
      <input_file id="fl-30">
         <path>C:\ti\ccsv8\tools\compiler\ti-cgt-msp430_18.1.2.LTS\lib\</path>
         <kind>archive</kind>
         <file>rts430x_lc_rd_eabi.lib</file>
         <name>div16u.asm.obj</name>
      </input_file>
      <input_file id="fl-31">
         <path>C:\ti\ccsv8\tools\compiler\ti-cgt-msp430_18.1.2.LTS\lib\</path>
         <kind>archive</kind>
         <file>rts430x_lc_rd_eabi.lib</file>
         <name>div32s.asm.obj</name>
      </input_file>
      <input_file id="fl-32">
         <path>C:\ti\ccsv8\tools\compiler\ti-cgt-msp430_18.1.2.LTS\lib\</path>
         <kind>archive</kind>
         <file>rts430x_lc_rd_eabi.lib</file>
         <name>div32u.asm.obj</name>
      </input_file>
      <input_file id="fl-33">
         <path>C:\ti\ccsv8\tools\compiler\ti-cgt-msp430_18.1.2.LTS\lib\</path>
         <kind>archive</kind>
         <file>rts430x_lc_rd_eabi.lib</file>
         <name>fs_mpy.asm.obj</name>
      </input_file>
      <input_file id="fl-34">
         <path>C:\ti\ccsv8\tools\compiler\ti-cgt-msp430_18.1.2.LTS\lib\</path>
         <kind>archive</kind>
         <file>rts430x_lc_rd_eabi.lib</file>
         <name>fs_toi.asm.obj</name>
      </input_file>
      <input_file id="fl-35">
         <path>C:\ti\ccsv8\tools\compiler\ti-cgt-msp430_18.1.2.LTS\lib\</path>
         <kind>archive</kind>
         <file>rts430x_lc_rd_eabi.lib</file>
         <name>fs_tol.asm.obj</name>
      </input_file>
      <input_file id="fl-36">
         <path>C:\ti\ccsv8\tools\compiler\ti-cgt-msp430_18.1.2.LTS\lib\</path>
         <kind>archive</kind>
         <file>rts430x_lc_rd_eabi.lib</file>
         <name>int41.asm.obj</name>
      </input_file>
      <input_file id="fl-37">
         <path>C:\ti\ccsv8\tools\compiler\ti-cgt-msp430_18.1.2.LTS\lib\</path>
         <kind>archive</kind>
         <file>rts430x_lc_rd_eabi.lib</file>
         <name>int42.asm.obj</name>
      </input_file>
      <input_file id="fl-38">
         <path>C:\ti\ccsv8\tools\compiler\ti-cgt-msp430_18.1.2.LTS\lib\</path>
         <kind>archive</kind>
         <file>rts430x_lc_rd_eabi.lib</file>
         <name>int43.asm.obj</name>
      </input_file>
      <input_file id="fl-39">
         <path>C:\ti\ccsv8\tools\compiler\ti-cgt-msp430_18.1.2.LTS\lib\</path>
         <kind>archive</kind>
         <file>rts430x_lc_rd_eabi.lib</file>
         <name>int44.asm.obj</name>
      </input_file>
      <input_file id="fl-3a">
         <path>C:\ti\ccsv8\tools\compiler\ti-cgt-msp430_18.1.2.LTS\lib\</path>
         <kind>archive</kind>
         <file>rts430x_lc_rd_eabi.lib</file>
         <name>int45.asm.obj</name>
      </input_file>
      <input_file id="fl-3b">
         <path>C:\ti\ccsv8\tools\compiler\ti-cgt-msp430_18.1.2.LTS\lib\</path>
         <kind>archive</kind>
         <file>rts430x_lc_rd_eabi.lib</file>
         <name>int46.asm.obj</name>
      </input_file>
      <input_file id="fl-3c">
         <path>C:\ti\ccsv8\tools\compiler\ti-cgt-msp430_18.1.2.LTS\lib\</path>
         <kind>archive</kind>
         <file>rts430x_lc_rd_eabi.lib</file>
         <name>int47.asm.obj</name>
      </input_file>
      <input_file id="fl-3d">
         <path>C:\ti\ccsv8\tools\compiler\ti-cgt-msp430_18.1.2.LTS\lib\</path>
         <kind>archive</kind>
         <file>rts430x_lc_rd_eabi.lib</file>
         <name>int48.asm.obj</name>
      </input_file>
      <input_file id="fl-3e">
         <path>C:\ti\ccsv8\tools\compiler\ti-cgt-msp430_18.1.2.LTS\lib\</path>
         <kind>archive</kind>
         <file>rts430x_lc_rd_eabi.lib</file>
         <name>int49.asm.obj</name>
      </input_file>
      <input_file id="fl-3f">
         <path>C:\ti\ccsv8\tools\compiler\ti-cgt-msp430_18.1.2.LTS\lib\</path>
         <kind>archive</kind>
         <file>rts430x_lc_rd_eabi.lib</file>
         <name>int50.asm.obj</name>
      </input_file>
      <input_file id="fl-40">
         <path>C:\ti\ccsv8\tools\compiler\ti-cgt-msp430_18.1.2.LTS\lib\</path>
         <kind>archive</kind>
         <file>rts430x_lc_rd_eabi.lib</file>
         <name>int51.asm.obj</name>
      </input_file>
      <input_file id="fl-41">
         <path>C:\ti\ccsv8\tools\compiler\ti-cgt-msp430_18.1.2.LTS\lib\</path>
         <kind>archive</kind>
         <file>rts430x_lc_rd_eabi.lib</file>
         <name>int52.asm.obj</name>
      </input_file>
      <input_file id="fl-42">
         <path>C:\ti\ccsv8\tools\compiler\ti-cgt-msp430_18.1.2.LTS\lib\</path>
         <kind>archive</kind>
         <file>rts430x_lc_rd_eabi.lib</file>
         <name>int54.asm.obj</name>
      </input_file>
      <input_file id="fl-43">
         <path>C:\ti\ccsv8\tools\compiler\ti-cgt-msp430_18.1.2.LTS\lib\</path>
         <kind>archive</kind>
         <file>rts430x_lc_rd_eabi.lib</file>
         <name>int55.asm.obj</name>
      </input_file>
      <input_file id="fl-44">
         <path>C:\ti\ccsv8\tools\compiler\ti-cgt-msp430_18.1.2.LTS\lib\</path>
         <kind>archive</kind>
         <file>rts430x_lc_rd_eabi.lib</file>
         <name>int57.asm.obj</name>
      </input_file>
      <input_file id="fl-45">
         <path>C:\ti\ccsv8\tools\compiler\ti-cgt-msp430_18.1.2.LTS\lib\</path>
         <kind>archive</kind>
         <file>rts430x_lc_rd_eabi.lib</file>
         <name>int58.asm.obj</name>
      </input_file>
      <input_file id="fl-46">
         <path>C:\ti\ccsv8\tools\compiler\ti-cgt-msp430_18.1.2.LTS\lib\</path>
         <kind>archive</kind>
         <file>rts430x_lc_rd_eabi.lib</file>
         <name>int59.asm.obj</name>
      </input_file>
      <input_file id="fl-47">
         <path>C:\ti\ccsv8\tools\compiler\ti-cgt-msp430_18.1.2.LTS\lib\</path>
         <kind>archive</kind>
         <file>rts430x_lc_rd_eabi.lib</file>
         <name>int60.asm.obj</name>
      </input_file>
      <input_file id="fl-48">
         <path>C:\ti\ccsv8\tools\compiler\ti-cgt-msp430_18.1.2.LTS\lib\</path>
         <kind>archive</kind>
         <file>rts430x_lc_rd_eabi.lib</file>
         <name>int61.asm.obj</name>
      </input_file>
      <input_file id="fl-49">
         <path>C:\ti\ccsv8\tools\compiler\ti-cgt-msp430_18.1.2.LTS\lib\</path>
         <kind>archive</kind>
         <file>rts430x_lc_rd_eabi.lib</file>
         <name>int62.asm.obj</name>
      </input_file>
      <input_file id="fl-4a">
         <path>C:\ti\ccsv8\tools\compiler\ti-cgt-msp430_18.1.2.LTS\lib\</path>
         <kind>archive</kind>
         <file>rts430x_lc_rd_eabi.lib</file>
         <name>isr_trap.asm.obj</name>
      </input_file>
      <input_file id="fl-4b">
         <path>C:\ti\ccsv8\tools\compiler\ti-cgt-msp430_18.1.2.LTS\lib\</path>
         <kind>archive</kind>
         <file>rts430x_lc_rd_eabi.lib</file>
         <name>lsl16.asm.obj</name>
      </input_file>
      <input_file id="fl-4c">
         <path>C:\ti\ccsv8\tools\compiler\ti-cgt-msp430_18.1.2.LTS\lib\</path>
         <kind>archive</kind>
         <file>rts430x_lc_rd_eabi.lib</file>
         <name>lsr32.asm.obj</name>
      </input_file>
      <input_file id="fl-4d">
         <path>C:\ti\ccsv8\tools\compiler\ti-cgt-msp430_18.1.2.LTS\lib\</path>
         <kind>archive</kind>
         <file>rts430x_lc_rd_eabi.lib</file>
         <name>mult16.asm.obj</name>
      </input_file>
      <input_file id="fl-4e">
         <path>C:\ti\ccsv8\tools\compiler\ti-cgt-msp430_18.1.2.LTS\lib\</path>
         <kind>archive</kind>
         <file>rts430x_lc_rd_eabi.lib</file>
         <name>mult16_f5hw.asm.obj</name>
      </input_file>
      <input_file id="fl-4f">
         <path>C:\ti\ccsv8\tools\compiler\ti-cgt-msp430_18.1.2.LTS\lib\</path>
         <kind>archive</kind>
         <file>rts430x_lc_rd_eabi.lib</file>
         <name>mult1632_f5hw.asm.obj</name>
      </input_file>
      <input_file id="fl-50">
         <path>C:\ti\ccsv8\tools\compiler\ti-cgt-msp430_18.1.2.LTS\lib\</path>
         <kind>archive</kind>
         <file>rts430x_lc_rd_eabi.lib</file>
         <name>mult32.asm.obj</name>
      </input_file>
      <input_file id="fl-51">
         <path>C:\ti\ccsv8\tools\compiler\ti-cgt-msp430_18.1.2.LTS\lib\</path>
         <kind>archive</kind>
         <file>rts430x_lc_rd_eabi.lib</file>
         <name>mult32_f5hw.asm.obj</name>
      </input_file>
      <input_file id="fl-52">
         <path>C:\ti\ccsv8\tools\compiler\ti-cgt-msp430_18.1.2.LTS\lib\</path>
         <kind>archive</kind>
         <file>rts430x_lc_rd_eabi.lib</file>
         <name>mult3264_f5hw.asm.obj</name>
      </input_file>
      <input_file id="fl-53">
         <path>C:\ti\ccsv8\tools\compiler\ti-cgt-msp430_18.1.2.LTS\lib\</path>
         <kind>archive</kind>
         <file>rts430x_lc_rd_eabi.lib</file>
         <name>mult64_f5hw.asm.obj</name>
      </input_file>
      <input_file id="fl-54">
         <path>C:\ti\ccsv8\tools\compiler\ti-cgt-msp430_18.1.2.LTS\lib\</path>
         <kind>archive</kind>
         <file>rts430x_lc_rd_eabi.lib</file>
         <name>boot.c.obj</name>
      </input_file>
      <input_file id="fl-55">
         <path>C:\ti\ccsv8\tools\compiler\ti-cgt-msp430_18.1.2.LTS\lib\</path>
         <kind>archive</kind>
         <file>rts430x_lc_rd_eabi.lib</file>
         <name>autoinit.c.obj</name>
      </input_file>
      <input_file id="fl-56">
         <path>C:\ti\ccsv8\tools\compiler\ti-cgt-msp430_18.1.2.LTS\lib\</path>
         <kind>archive</kind>
         <file>rts430x_lc_rd_eabi.lib</file>
         <name>copy_zero_init.c.obj</name>
      </input_file>
      <input_file id="fl-57">
         <path>C:\ti\ccsv8\tools\compiler\ti-cgt-msp430_18.1.2.LTS\lib\</path>
         <kind>archive</kind>
         <file>rts430x_lc_rd_eabi.lib</file>
         <name>cpy_tbl.c.obj</name>
      </input_file>
      <input_file id="fl-58">
         <path>C:\ti\ccsv8\tools\compiler\ti-cgt-msp430_18.1.2.LTS\lib\</path>
         <kind>archive</kind>
         <file>rts430x_lc_rd_eabi.lib</file>
         <name>mpu_init.c.obj</name>
      </input_file>
      <input_file id="fl-59">
         <path>C:\ti\ccsv8\tools\compiler\ti-cgt-msp430_18.1.2.LTS\lib\</path>
         <kind>archive</kind>
         <file>rts430x_lc_rd_eabi.lib</file>
         <name>pre_init.c.obj</name>
      </input_file>
      <input_file id="fl-5a">
         <path>C:\ti\ccsv8\tools\compiler\ti-cgt-msp430_18.1.2.LTS\lib\</path>
         <kind>archive</kind>
         <file>rts430x_lc_rd_eabi.lib</file>
         <name>startup.c.obj</name>
      </input_file>
      <input_file id="fl-5b">
         <path>C:\ti\ccsv8\tools\compiler\ti-cgt-msp430_18.1.2.LTS\lib\</path>
         <kind>archive</kind>
         <file>rts430x_lc_rd_eabi.lib</file>
         <name>copy_decompress_none.c.obj</name>
      </input_file>
      <input_file id="fl-5c">
         <path>C:\ti\ccsv8\tools\compiler\ti-cgt-msp430_18.1.2.LTS\lib\</path>
         <kind>archive</kind>
         <file>rts430x_lc_rd_eabi.lib</file>
         <name>copy_decompress_lzss.c.obj</name>
      </input_file>
      <input_file id="fl-5d">
         <path>C:\ti\ccsv8\tools\compiler\ti-cgt-msp430_18.1.2.LTS\lib\</path>
         <kind>archive</kind>
         <file>rts430x_lc_rd_eabi.lib</file>
         <name>cvtdf.c.obj</name>
      </input_file>
      <input_file id="fl-5e">
         <path>C:\ti\ccsv8\tools\compiler\ti-cgt-msp430_18.1.2.LTS\lib\</path>
         <kind>archive</kind>
         <file>rts430x_lc_rd_eabi.lib</file>
         <name>exit.c.obj</name>
      </input_file>
      <input_file id="fl-5f">
         <path>C:\ti\ccsv8\tools\compiler\ti-cgt-msp430_18.1.2.LTS\lib\</path>
         <kind>archive</kind>
         <file>rts430x_lc_rd_eabi.lib</file>
         <name>_lock.c.obj</name>
      </input_file>
      <input_file id="fl-60">
         <path>C:\ti\ccsv8\tools\compiler\ti-cgt-msp430_18.1.2.LTS\lib\</path>
         <kind>archive</kind>
         <file>rts430x_lc_rd_eabi.lib</file>
         <name>args_main.c.obj</name>
      </input_file>
      <input_file id="fl-61">
         <path>C:\ti\ccsv8\tools\compiler\ti-cgt-msp430_18.1.2.LTS\lib\</path>
         <kind>archive</kind>
         <file>rts430x_lc_rd_eabi.lib</file>
         <name>memcpy.c.obj</name>
      </input_file>
      <input_file id="fl-62">
         <path>C:\ti\ccsv8\tools\compiler\ti-cgt-msp430_18.1.2.LTS\lib\</path>
         <kind>archive</kind>
         <file>rts430x_lc_rd_eabi.lib</file>
         <name>rand.c.obj</name>
      </input_file>
      <input_file id="fl-63">
         <path>C:\ti\ccsv8\tools\compiler\ti-cgt-msp430_18.1.2.LTS\lib\</path>
         <kind>archive</kind>
         <file>rts430x_lc_rd_eabi.lib</file>
         <name>strcasecmp.c.obj</name>
      </input_file>
      <input_file id="fl-64">
         <path>C:\ti\ccsv8\tools\compiler\ti-cgt-msp430_18.1.2.LTS\lib\</path>
         <kind>archive</kind>
         <file>rts430x_lc_rd_eabi.lib</file>
         <name>strlen.c.obj</name>
      </input_file>
      <input_file id="fl-65">
         <path>C:\ti\ccsv8\tools\compiler\ti-cgt-msp430_18.1.2.LTS\lib\</path>
         <kind>archive</kind>
         <file>rts430x_lc_rd_eabi.lib</file>
         <name>tolower.c.obj</name>
      </input_file>
      <input_file id="fl-66">
         <path>C:\ti\ccsv8\tools\compiler\ti-cgt-msp430_18.1.2.LTS\lib\</path>
         <kind>archive</kind>
         <file>rts430x_lc_rd_eabi.lib</file>
         <name>lsl32.asm.obj</name>
      </input_file>
      <input_file id="fl-67">
         <path>C:\ti\ccsv8\tools\compiler\ti-cgt-msp430_18.1.2.LTS\lib\</path>
         <kind>archive</kind>
         <file>rts430x_lc_rd_eabi.lib</file>
         <name>exit_gvars.c.obj</name>
      </input_file>
      <input_file id="fl-68">
         <path>C:\ti\ccsv8\tools\compiler\ti-cgt-msp430_18.1.2.LTS\lib\</path>
         <kind>archive</kind>
         <file>rts430x_lc_rd_eabi.lib</file>
         <name>lsr64.c.obj</name>
      </input_file>
      <input_file id="fl-69">
         <path>C:\ti\ccsv8\tools\compiler\ti-cgt-msp430_18.1.2.LTS\lib\</path>
         <kind>archive</kind>
         <file>rts430x_lc_rd_eabi.lib</file>
         <name>ctype.c.obj</name>
      </input_file>
   </input_file_list>
   <object_component_list>
      <object_component id="oc-59a">
         <name>.bss:game</name>
         <uninitialized>true</uninitialized>
         <run_address>0x3e00</run_address>
         <size>0x6</size>
         <input_file_ref idref="fl-8"/>
      </object_component>
      <object_component id="oc-877">
         <name>.bss:receive_buffer</name>
         <uninitialized>true</uninitialized>
         <run_address>0x3d16</run_address>
         <size>0x40</size>
         <input_file_ref idref="fl-a"/>
      </object_component>
      <object_component id="oc-876">
         <name>.bss</name>
         <uninitialized>true</uninitialized>
         <run_address>0x3e12</run_address>
         <size>0x2</size>
         <input_file_ref idref="fl-a"/>
      </object_component>
      <object_component id="oc-692">
         <name>.common:games</name>
         <uninitialized>true</uninitialized>
         <run_address>0x3720</run_address>
         <size>0x30c</size>
      </object_component>
      <object_component id="oc-780">
         <name>.common:game_id</name>
         <uninitialized>true</uninitialized>
         <run_address>0x3e15</run_address>
         <size>0x1</size>
      </object_component>
      <object_component id="oc-59e">
         <name>.common:sys</name>
         <uninitialized>true</uninitialized>
         <run_address>0x3c84</run_address>
         <size>0x92</size>
      </object_component>
      <object_component id="oc-53f">
         <name>.common:task_list_array</name>
         <uninitialized>true</uninitialized>
         <run_address>0x3400</run_address>
         <size>0x320</size>
      </object_component>
      <object_component id="oc-53b">
         <name>.common:task_list_links</name>
         <uninitialized>true</uninitialized>
         <run_address>0x3a2c</run_address>
         <size>0x258</size>
      </object_component>
      <object_component id="oc-53e">
         <name>.common:task_list</name>
         <uninitialized>true</uninitialized>
         <run_address>0x3d56</run_address>
         <size>0x30</size>
      </object_component>
      <object_component id="oc-55e">
         <name>.common:idle_task</name>
         <uninitialized>true</uninitialized>
         <run_address>0x3e06</run_address>
         <size>0x4</size>
      </object_component>
      <object_component id="oc-3f8">
         <name>.common:time_ms</name>
         <uninitialized>true</uninitialized>
         <run_address>0x3e0e</run_address>
         <size>0x4</size>
      </object_component>
      <object_component id="oc-60d">
         <name>.common:rollover_time</name>
         <uninitialized>true</uninitialized>
         <run_address>0x3e0a</run_address>
         <size>0x4</size>
      </object_component>
      <object_component id="oc-57a">
         <name>.common:rx0</name>
         <uninitialized>true</uninitialized>
         <run_address>0x3da6</run_address>
         <size>0x1c</size>
      </object_component>
      <object_component id="oc-582">
         <name>.common:tx0</name>
         <uninitialized>true</uninitialized>
         <run_address>0x3dc2</run_address>
         <size>0x1c</size>
      </object_component>
      <object_component id="oc-583">
         <name>.common:tx_buffer_array0</name>
         <uninitialized>true</uninitialized>
         <run_address>0x2400</run_address>
         <size>0x1000</size>
      </object_component>
      <object_component id="oc-57b">
         <name>.common:rx_buffer_array0</name>
         <uninitialized>true</uninitialized>
         <run_address>0x3d86</run_address>
         <size>0x20</size>
      </object_component>
      <object_component id="oc-584">
         <name>.common:receiverList0</name>
         <uninitialized>true</uninitialized>
         <run_address>0x3df0</run_address>
         <size>0x8</size>
      </object_component>
      <object_component id="oc-585">
         <name>.common:receiver_array0</name>
         <uninitialized>true</uninitialized>
         <run_address>0x3df8</run_address>
         <size>0x8</size>
      </object_component>
      <object_component id="oc-458">
         <name>.common:uart</name>
         <uninitialized>true</uninitialized>
         <run_address>0x3dde</run_address>
         <size>0x12</size>
      </object_component>
      <object_component id="oc-46c">
         <name>.common:rx_flags</name>
         <uninitialized>true</uninitialized>
         <run_address>0x3e16</run_address>
         <size>0x1</size>
      </object_component>
      <object_component id="oc-573">
         <name>.common:error_flags</name>
         <uninitialized>true</uninitialized>
         <run_address>0x3e14</run_address>
         <size>0x1</size>
      </object_component>
      <object_component id="oc-68c">
         <name>.data</name>
         <load_address>0x3e3e</load_address>
         <run_address>0x3e3e</run_address>
         <size>0x4</size>
         <input_file_ref idref="fl-4"/>
      </object_component>
      <object_component id="oc-820">
         <name>.data</name>
         <load_address>0x3e4a</load_address>
         <run_address>0x3e4a</run_address>
         <size>0x2</size>
         <input_file_ref idref="fl-6"/>
      </object_component>
      <object_component id="oc-762">
         <name>.data:leftLimits</name>
         <load_address>0x3e2c</load_address>
         <run_address>0x3e2c</run_address>
         <size>0x9</size>
         <input_file_ref idref="fl-8"/>
      </object_component>
      <object_component id="oc-7ed">
         <name>.data</name>
         <load_address>0x3e35</load_address>
         <run_address>0x3e35</run_address>
         <size>0x1</size>
         <input_file_ref idref="fl-9"/>
      </object_component>
      <object_component id="oc-89a">
         <name>.data:log_level_str</name>
         <load_address>0x3e18</load_address>
         <run_address>0x3e18</run_address>
         <size>0x14</size>
         <input_file_ref idref="fl-a"/>
      </object_component>
      <object_component id="oc-841">
         <name>.data</name>
         <load_address>0x3e46</load_address>
         <run_address>0x3e46</run_address>
         <size>0x4</size>
         <input_file_ref idref="fl-a"/>
      </object_component>
      <object_component id="oc-534">
         <name>.data</name>
         <load_address>0x3e4c</load_address>
         <run_address>0x3e4c</run_address>
         <size>0x1</size>
         <input_file_ref idref="fl-b"/>
      </object_component>
      <object_component id="oc-60c">
         <name>.data</name>
         <load_address>0x3e4d</load_address>
         <run_address>0x3e4d</run_address>
         <size>0x1</size>
         <input_file_ref idref="fl-d"/>
      </object_component>
      <object_component id="oc-56c">
         <name>.data</name>
         <load_address>0x3e4e</load_address>
         <run_address>0x3e4e</run_address>
         <size>0x1</size>
         <input_file_ref idref="fl-e"/>
      </object_component>
      <object_component id="oc-5d8">
         <name>.data:_lock</name>
         <load_address>0x3e36</load_address>
         <run_address>0x3e36</run_address>
         <size>0x4</size>
         <input_file_ref idref="fl-5f"/>
      </object_component>
      <object_component id="oc-5e1">
         <name>.data:_unlock</name>
         <load_address>0x3e3a</load_address>
         <run_address>0x3e3a</run_address>
         <size>0x4</size>
         <input_file_ref idref="fl-5f"/>
      </object_component>
      <object_component id="oc-82a">
         <name>.data</name>
         <load_address>0x3e42</load_address>
         <run_address>0x3e42</run_address>
         <size>0x4</size>
         <input_file_ref idref="fl-62"/>
      </object_component>
      <object_component id="oc-37d">
         <name>.stack</name>
         <uninitialized>true</uninitialized>
         <run_address>0x4360</run_address>
         <size>0x4</size>
         <input_file_ref idref="fl-54"/>
      </object_component>
      <object_component id="oc-914">
         <name>.stack</name>
         <uninitialized>true</uninitialized>
         <run_address>0x4360</run_address>
         <size>0x0</size>
      </object_component>
      <object_component id="oc-846">
         <name>.text:SystemCallback</name>
         <load_address>0x10000</load_address>
         <run_address>0x10000</run_address>
         <size>0x254</size>
         <input_file_ref idref="fl-a"/>
      </object_component>
      <object_component id="oc-574">
         <name>.text:hal_UART_Init</name>
         <load_address>0x10254</load_address>
         <run_address>0x10254</run_address>
         <size>0x200</size>
         <input_file_ref idref="fl-5"/>
      </object_component>
      <object_component id="oc-774">
         <name>.text:Game_Callback</name>
         <load_address>0x10454</load_address>
         <run_address>0x10454</run_address>
         <size>0x1e6</size>
         <input_file_ref idref="fl-4"/>
      </object_component>
      <object_component id="oc-5a2">
         <name>.text:Buffer_vprintf</name>
         <load_address>0x1063a</load_address>
         <run_address>0x1063a</run_address>
         <size>0x1d4</size>
         <input_file_ref idref="fl-3"/>
      </object_component>
      <object_component id="oc-56d">
         <name>.text:UART_Tick</name>
         <load_address>0x1080e</load_address>
         <run_address>0x1080e</run_address>
         <size>0x1a0</size>
         <input_file_ref idref="fl-e"/>
      </object_component>
      <object_component id="oc-87a">
         <name>.text:ProcessMsg</name>
         <load_address>0x109ae</load_address>
         <run_address>0x109ae</run_address>
         <size>0x134</size>
         <input_file_ref idref="fl-a"/>
      </object_component>
      <object_component id="oc-6e0">
         <name>.text:Link</name>
         <load_address>0x10ae2</load_address>
         <run_address>0x10ae2</run_address>
         <size>0x118</size>
         <input_file_ref idref="fl-6"/>
      </object_component>
      <object_component id="oc-6e9">
         <name>.text:Unlink</name>
         <load_address>0x10bfa</load_address>
         <run_address>0x10bfa</run_address>
         <size>0xf8</size>
         <input_file_ref idref="fl-6"/>
      </object_component>
      <object_component id="oc-5cd">
         <name>.text:List_LinkItem</name>
         <load_address>0x10cf2</load_address>
         <run_address>0x10cf2</run_address>
         <size>0xbe</size>
         <input_file_ref idref="fl-6"/>
      </object_component>
      <object_component id="oc-4bc">
         <name>.text:SystemTick</name>
         <load_address>0x10db0</load_address>
         <run_address>0x10db0</run_address>
         <size>0xb8</size>
         <input_file_ref idref="fl-b"/>
      </object_component>
      <object_component id="oc-79c">
         <name>.text</name>
         <load_address>0x10e68</load_address>
         <run_address>0x10e68</run_address>
         <size>0xb8</size>
         <input_file_ref idref="fl-33"/>
      </object_component>
      <object_component id="oc-6a7">
         <name>.text:Buffer_HexN</name>
         <load_address>0x10f20</load_address>
         <run_address>0x10f20</run_address>
         <size>0xb4</size>
         <input_file_ref idref="fl-3"/>
      </object_component>
      <object_component id="oc-66c">
         <name>.text:Game_DrawRect</name>
         <load_address>0x10fd4</load_address>
         <run_address>0x10fd4</run_address>
         <size>0xb0</size>
         <input_file_ref idref="fl-4"/>
      </object_component>
      <object_component id="oc-5af">
         <name>.text:List_Link</name>
         <load_address>0x11084</load_address>
         <run_address>0x11084</run_address>
         <size>0xa8</size>
         <input_file_ref idref="fl-6"/>
      </object_component>
      <object_component id="oc-7b9">
         <name>.text:FindUnusedLink</name>
         <load_address>0x1112c</load_address>
         <run_address>0x1112c</run_address>
         <size>0x9e</size>
         <input_file_ref idref="fl-6"/>
      </object_component>
      <object_component id="oc-4a3">
         <name>.text:UART_Init</name>
         <load_address>0x111ca</load_address>
         <run_address>0x111ca</run_address>
         <size>0x9e</size>
         <input_file_ref idref="fl-e"/>
      </object_component>
      <object_component id="oc-6d1">
         <name>.text:Buffer_Float</name>
         <load_address>0x11268</load_address>
         <run_address>0x11268</run_address>
         <size>0x9c</size>
         <input_file_ref idref="fl-3"/>
      </object_component>
      <object_component id="oc-461">
         <name>.text:Buffer_Enqueue</name>
         <load_address>0x11304</load_address>
         <run_address>0x11304</run_address>
         <size>0x90</size>
         <input_file_ref idref="fl-2"/>
      </object_component>
      <object_component id="oc-540">
         <name>.text:List_Init</name>
         <load_address>0x11394</load_address>
         <run_address>0x11394</run_address>
         <size>0x8c</size>
         <input_file_ref idref="fl-6"/>
      </object_component>
      <object_component id="oc-6cb">
         <name>.text:__mspabi_cvtdf</name>
         <load_address>0x11420</load_address>
         <run_address>0x11420</run_address>
         <size>0x8c</size>
         <input_file_ref idref="fl-5d"/>
      </object_component>
      <object_component id="oc-678">
         <name>.text:drawTrack</name>
         <load_address>0x114ac</load_address>
         <run_address>0x114ac</run_address>
         <size>0x86</size>
         <input_file_ref idref="fl-8"/>
      </object_component>
      <object_component id="oc-84c">
         <name>.text:Receiver</name>
         <load_address>0x11532</load_address>
         <run_address>0x11532</run_address>
         <size>0x80</size>
         <input_file_ref idref="fl-a"/>
      </object_component>
      <object_component id="oc-7a1">
         <name>.text</name>
         <load_address>0x115b2</load_address>
         <run_address>0x115b2</run_address>
         <size>0x7e</size>
         <input_file_ref idref="fl-35"/>
      </object_component>
      <object_component id="oc-77a">
         <name>.text:Subsystem_Init</name>
         <load_address>0x11630</load_address>
         <run_address>0x11630</run_address>
         <size>0x7c</size>
         <input_file_ref idref="fl-a"/>
      </object_component>
      <object_component id="oc-497">
         <name>.text:SetClk24MHz</name>
         <load_address>0x116ac</load_address>
         <run_address>0x116ac</run_address>
         <size>0x78</size>
         <input_file_ref idref="fl-7"/>
      </object_component>
      <object_component id="oc-6d">
         <name>.text:decompress:lzss:__TI_decompress_lzss</name>
         <load_address>0x11724</load_address>
         <run_address>0x11724</run_address>
         <size>0x76</size>
         <input_file_ref idref="fl-5c"/>
      </object_component>
      <object_component id="oc-49d">
         <name>.text:Task_Init</name>
         <load_address>0x1179a</load_address>
         <run_address>0x1179a</run_address>
         <size>0x70</size>
         <input_file_ref idref="fl-b"/>
      </object_component>
      <object_component id="oc-797">
         <name>.text</name>
         <load_address>0x1180a</load_address>
         <run_address>0x1180a</run_address>
         <size>0x68</size>
         <input_file_ref idref="fl-34"/>
      </object_component>
      <object_component id="oc-6f0">
         <name>.text:FindLinkByItem</name>
         <load_address>0x11872</load_address>
         <run_address>0x11872</run_address>
         <size>0x64</size>
         <input_file_ref idref="fl-6"/>
      </object_component>
      <object_component id="oc-6b3">
         <name>.text:Buffer_uint32</name>
         <load_address>0x118d6</load_address>
         <run_address>0x118d6</run_address>
         <size>0x62</size>
         <input_file_ref idref="fl-3"/>
      </object_component>
      <object_component id="oc-745">
         <name>.text:Cursor</name>
         <load_address>0x11938</load_address>
         <run_address>0x11938</run_address>
         <size>0x5a</size>
         <input_file_ref idref="fl-4"/>
      </object_component>
      <object_component id="oc-594">
         <name>.text:Game_Register</name>
         <load_address>0x11992</load_address>
         <run_address>0x11992</run_address>
         <size>0x5a</size>
         <input_file_ref idref="fl-4"/>
      </object_component>
      <object_component id="oc-869">
         <name>.text:Subsystem_Write</name>
         <load_address>0x119ec</load_address>
         <run_address>0x119ec</run_address>
         <size>0x5a</size>
         <input_file_ref idref="fl-a"/>
      </object_component>
      <object_component id="oc-642">
         <name>.text</name>
         <load_address>0x11a46</load_address>
         <run_address>0x11a46</run_address>
         <size>0x58</size>
         <input_file_ref idref="fl-32"/>
      </object_component>
      <object_component id="oc-5a8">
         <name>.text:UART_Tx_Start</name>
         <load_address>0x11a9e</load_address>
         <run_address>0x11a9e</run_address>
         <size>0x56</size>
         <input_file_ref idref="fl-e"/>
      </object_component>
      <object_component id="oc-634">
         <name>.text:List_AddIndirect</name>
         <load_address>0x11af4</load_address>
         <run_address>0x11af4</run_address>
         <size>0x54</size>
         <input_file_ref idref="fl-6"/>
      </object_component>
      <object_component id="oc-4e7">
         <name>.text:__TI_auto_init_nobinit_nopinit_hold_wdt:__TI_auto_init_nobinit_nopinit_hold_wdt</name>
         <load_address>0x11b48</load_address>
         <run_address>0x11b48</run_address>
         <size>0x54</size>
         <input_file_ref idref="fl-55"/>
      </object_component>
      <object_component id="oc-6b9">
         <name>.text:Buffer_uint16</name>
         <load_address>0x11b9c</load_address>
         <run_address>0x11b9c</run_address>
         <size>0x52</size>
         <input_file_ref idref="fl-3"/>
      </object_component>
      <object_component id="oc-52d">
         <name>.text:SetVcoreUp</name>
         <load_address>0x11bee</load_address>
         <run_address>0x11bee</run_address>
         <size>0x4e</size>
         <input_file_ref idref="fl-7"/>
      </object_component>
      <object_component id="oc-408">
         <name>.text:UART_Tx_Handler</name>
         <load_address>0x11c3c</load_address>
         <run_address>0x11c3c</run_address>
         <size>0x4e</size>
         <input_file_ref idref="fl-e"/>
      </object_component>
      <object_component id="oc-812">
         <name>.text:Subsystem_SystemInit</name>
         <load_address>0x11c8a</load_address>
         <run_address>0x11c8a</run_address>
         <size>0x4c</size>
         <input_file_ref idref="fl-a"/>
      </object_component>
      <object_component id="oc-565">
         <name>.text:Task_Schedule</name>
         <load_address>0x11cd6</load_address>
         <run_address>0x11cd6</run_address>
         <size>0x4a</size>
         <input_file_ref idref="fl-b"/>
      </object_component>
      <object_component id="oc-887">
         <name>.text:Log_Header</name>
         <load_address>0x11d20</load_address>
         <run_address>0x11d20</run_address>
         <size>0x44</size>
         <input_file_ref idref="fl-a"/>
      </object_component>
      <object_component id="oc-55f">
         <name>.text:RollTimer</name>
         <load_address>0x11d64</load_address>
         <run_address>0x11d64</run_address>
         <size>0x44</size>
         <input_file_ref idref="fl-b"/>
      </object_component>
      <object_component id="oc-84f">
         <name>.text:UART_RegisterReceiver</name>
         <load_address>0x11da8</load_address>
         <run_address>0x11da8</run_address>
         <size>0x44</size>
         <input_file_ref idref="fl-e"/>
      </object_component>
      <object_component id="oc-766">
         <name>.text:newTrackWidth</name>
         <load_address>0x11dec</load_address>
         <run_address>0x11dec</run_address>
         <size>0x42</size>
         <input_file_ref idref="fl-8"/>
      </object_component>
      <object_component id="oc-41d">
         <name>.text:main</name>
         <load_address>0x11e2e</load_address>
         <run_address>0x11e2e</run_address>
         <size>0x40</size>
         <input_file_ref idref="fl-7"/>
      </object_component>
      <object_component id="oc-7f4">
         <name>.text:rand</name>
         <load_address>0x11e6e</load_address>
         <run_address>0x11e6e</run_address>
         <size>0x40</size>
         <input_file_ref idref="fl-62"/>
      </object_component>
      <object_component id="oc-475">
         <name>.text:Buffer_Dequeue</name>
         <load_address>0x11eae</load_address>
         <run_address>0x11eae</run_address>
         <size>0x3e</size>
         <input_file_ref idref="fl-2"/>
      </object_component>
      <object_component id="oc-588">
         <name>.text:Play</name>
         <load_address>0x11eec</load_address>
         <run_address>0x11eec</run_address>
         <size>0x3e</size>
         <input_file_ref idref="fl-8"/>
      </object_component>
      <object_component id="oc-7df">
         <name>.text:TimeSince</name>
         <load_address>0x11f2a</load_address>
         <run_address>0x11f2a</run_address>
         <size>0x3e</size>
         <input_file_ref idref="fl-d"/>
      </object_component>
      <object_component id="oc-3fc">
         <name>.text:UART_Rx_Handler</name>
         <load_address>0x11f68</load_address>
         <run_address>0x11f68</run_address>
         <size>0x3e</size>
         <input_file_ref idref="fl-e"/>
      </object_component>
      <object_component id="oc-790">
         <name>.text:l_lsl_const</name>
         <load_address>0x11fa6</load_address>
         <run_address>0x11fa6</run_address>
         <size>0x3e</size>
         <input_file_ref idref="fl-66"/>
      </object_component>
      <object_component id="oc-647">
         <name>.text:l_lsr_const</name>
         <load_address>0x11fe4</load_address>
         <run_address>0x11fe4</run_address>
         <size>0x3e</size>
         <input_file_ref idref="fl-4c"/>
      </object_component>
      <object_component id="oc-67f">
         <name>.text:Game_Printf</name>
         <load_address>0x12022</load_address>
         <run_address>0x12022</run_address>
         <size>0x3c</size>
         <input_file_ref idref="fl-4"/>
      </object_component>
      <object_component id="oc-75c">
         <name>.text:random_int</name>
         <load_address>0x1205e</load_address>
         <run_address>0x1205e</run_address>
         <size>0x3a</size>
         <input_file_ref idref="fl-9"/>
      </object_component>
      <object_component id="oc-749">
         <name>.text:Game_CharXY</name>
         <load_address>0x12098</load_address>
         <run_address>0x12098</run_address>
         <size>0x36</size>
         <input_file_ref idref="fl-4"/>
      </object_component>
      <object_component id="oc-805">
         <name>.text:strcasecmp</name>
         <load_address>0x120ce</load_address>
         <run_address>0x120ce</run_address>
         <size>0x36</size>
         <input_file_ref idref="fl-63"/>
      </object_component>
      <object_component id="oc-686">
         <name>.text:Game_Init</name>
         <load_address>0x12104</load_address>
         <run_address>0x12104</run_address>
         <size>0x34</size>
         <input_file_ref idref="fl-4"/>
      </object_component>
      <object_component id="oc-736">
         <name>.text:GetUnusedLink</name>
         <load_address>0x12138</load_address>
         <run_address>0x12138</run_address>
         <size>0x34</size>
         <input_file_ref idref="fl-6"/>
      </object_component>
      <object_component id="oc-7d8">
         <name>.text:Terminal_CharXY</name>
         <load_address>0x1216c</load_address>
         <run_address>0x1216c</run_address>
         <size>0x32</size>
         <input_file_ref idref="fl-c"/>
      </object_component>
      <object_component id="oc-4b6">
         <name>.text:UART_printf</name>
         <load_address>0x1219e</load_address>
         <run_address>0x1219e</run_address>
         <size>0x32</size>
         <input_file_ref idref="fl-e"/>
      </object_component>
      <object_component id="oc-76d">
         <name>.text:UART_vprintf</name>
         <load_address>0x121d0</load_address>
         <run_address>0x121d0</run_address>
         <size>0x2e</size>
         <input_file_ref idref="fl-e"/>
      </object_component>
      <object_component id="oc-894">
         <name>.text:Subsystem_GetName</name>
         <load_address>0x121fe</load_address>
         <run_address>0x121fe</run_address>
         <size>0x2c</size>
         <input_file_ref idref="fl-a"/>
      </object_component>
      <object_component id="oc-7fa">
         <name>.text</name>
         <load_address>0x1222a</load_address>
         <run_address>0x1222a</run_address>
         <size>0x2c</size>
         <input_file_ref idref="fl-2f"/>
      </object_component>
      <object_component id="oc-57c">
         <name>.text:Buffer_Init</name>
         <load_address>0x12256</load_address>
         <run_address>0x12256</run_address>
         <size>0x2a</size>
         <input_file_ref idref="fl-2"/>
      </object_component>
      <object_component id="oc-6ad">
         <name>.text:Buffer_int32</name>
         <load_address>0x12280</load_address>
         <run_address>0x12280</run_address>
         <size>0x2a</size>
         <input_file_ref idref="fl-3"/>
      </object_component>
      <object_component id="oc-755">
         <name>.text:Game_IsTransmitting</name>
         <load_address>0x122aa</load_address>
         <run_address>0x122aa</run_address>
         <size>0x2a</size>
         <input_file_ref idref="fl-4"/>
      </object_component>
      <object_component id="oc-870">
         <name>.text:UART_WriteByte</name>
         <load_address>0x122d4</load_address>
         <run_address>0x122d4</run_address>
         <size>0x2a</size>
         <input_file_ref idref="fl-e"/>
      </object_component>
      <object_component id="oc-74f">
         <name>.text:DelayMs</name>
         <load_address>0x122fe</load_address>
         <run_address>0x122fe</run_address>
         <size>0x28</size>
         <input_file_ref idref="fl-d"/>
      </object_component>
      <object_component id="oc-3b0">
         <name>.text:decompress:ZI:__TI_zero_init</name>
         <load_address>0x12326</load_address>
         <run_address>0x12326</run_address>
         <size>0x24</size>
         <input_file_ref idref="fl-56"/>
      </object_component>
      <object_component id="oc-6d9">
         <name>.text:hal_UART_TxInterruptEnabled</name>
         <load_address>0x1234a</load_address>
         <run_address>0x1234a</run_address>
         <size>0x24</size>
         <input_file_ref idref="fl-5"/>
      </object_component>
      <object_component id="oc-82f">
         <name>.text</name>
         <load_address>0x1236e</load_address>
         <run_address>0x1236e</run_address>
         <size>0x24</size>
         <input_file_ref idref="fl-51"/>
      </object_component>
      <object_component id="oc-6c5">
         <name>.text:Buffer_int16</name>
         <load_address>0x12392</load_address>
         <run_address>0x12392</run_address>
         <size>0x22</size>
         <input_file_ref idref="fl-3"/>
      </object_component>
      <object_component id="oc-5b5">
         <name>.text:List_GetFirst</name>
         <load_address>0x123b4</load_address>
         <run_address>0x123b4</run_address>
         <size>0x20</size>
         <input_file_ref idref="fl-6"/>
      </object_component>
      <object_component id="oc-46d">
         <name>.text:hal_UART_DataAvailable</name>
         <load_address>0x123d4</load_address>
         <run_address>0x123d4</run_address>
         <size>0x20</size>
         <input_file_ref idref="fl-5"/>
      </object_component>
      <object_component id="oc-481">
         <name>.text:hal_UART_SpaceAvailable</name>
         <load_address>0x123f4</load_address>
         <run_address>0x123f4</run_address>
         <size>0x20</size>
         <input_file_ref idref="fl-5"/>
      </object_component>
      <object_component id="oc-5c7">
         <name>.text:List_Remove</name>
         <load_address>0x12414</load_address>
         <run_address>0x12414</run_address>
         <size>0x1e</size>
         <input_file_ref idref="fl-6"/>
      </object_component>
      <object_component id="oc-535">
         <name>.text:Timing_Init</name>
         <load_address>0x12432</load_address>
         <run_address>0x12432</run_address>
         <size>0x1e</size>
         <input_file_ref idref="fl-d"/>
      </object_component>
      <object_component id="oc-7e6">
         <name>.text:UART_IsTransmitting</name>
         <load_address>0x12450</load_address>
         <run_address>0x12450</run_address>
         <size>0x1e</size>
         <input_file_ref idref="fl-e"/>
      </object_component>
      <object_component id="oc-7c0">
         <name>.text:Terminal_HideCursor</name>
         <load_address>0x1246e</load_address>
         <run_address>0x1246e</run_address>
         <size>0x1c</size>
         <input_file_ref idref="fl-c"/>
      </object_component>
      <object_component id="oc-7d2">
         <name>.text:Terminal_ShowCursor</name>
         <load_address>0x1248a</load_address>
         <run_address>0x1248a</run_address>
         <size>0x1c</size>
         <input_file_ref idref="fl-c"/>
      </object_component>
      <object_component id="oc-45b">
         <name>.text:hal_UART_RxByte</name>
         <load_address>0x124a6</load_address>
         <run_address>0x124a6</run_address>
         <size>0x1c</size>
         <input_file_ref idref="fl-5"/>
      </object_component>
      <object_component id="oc-6bf">
         <name>.text:Buffer_Str</name>
         <load_address>0x124c2</load_address>
         <run_address>0x124c2</run_address>
         <size>0x1a</size>
         <input_file_ref idref="fl-3"/>
      </object_component>
      <object_component id="oc-4a9">
         <name>.text:Mario_Kart_Init</name>
         <load_address>0x124dc</load_address>
         <run_address>0x124dc</run_address>
         <size>0x1a</size>
         <input_file_ref idref="fl-8"/>
      </object_component>
      <object_component id="oc-546">
         <name>.text:SortTask</name>
         <load_address>0x124f6</load_address>
         <run_address>0x124f6</run_address>
         <size>0x1a</size>
         <input_file_ref idref="fl-b"/>
      </object_component>
      <object_component id="oc-627">
         <name>.text:List_GetNext</name>
         <load_address>0x12510</load_address>
         <run_address>0x12510</run_address>
         <size>0x18</size>
         <input_file_ref idref="fl-6"/>
      </object_component>
      <object_component id="oc-60e">
         <name>.text:hal_Timing_Init</name>
         <load_address>0x12528</load_address>
         <run_address>0x12528</run_address>
         <size>0x18</size>
         <input_file_ref idref="fl-d"/>
      </object_component>
      <object_component id="oc-453">
         <name>.text</name>
         <load_address>0x12540</load_address>
         <run_address>0x12540</run_address>
         <size>0x18</size>
         <input_file_ref idref="fl-4e"/>
      </object_component>
      <object_component id="oc-660">
         <name>.text:Game_ClearScreen</name>
         <load_address>0x12558</load_address>
         <run_address>0x12558</run_address>
         <size>0x16</size>
         <input_file_ref idref="fl-4"/>
      </object_component>
      <object_component id="oc-58e">
         <name>.text:Help</name>
         <load_address>0x1256e</load_address>
         <run_address>0x1256e</run_address>
         <size>0x16</size>
         <input_file_ref idref="fl-8"/>
      </object_component>
      <object_component id="oc-863">
         <name>.text:LogStr</name>
         <load_address>0x12584</load_address>
         <run_address>0x12584</run_address>
         <size>0x16</size>
         <input_file_ref idref="fl-a"/>
      </object_component>
      <object_component id="oc-402">
         <name>.text:hal_UART_ClearRxIF</name>
         <load_address>0x1259a</load_address>
         <run_address>0x1259a</run_address>
         <size>0x16</size>
         <input_file_ref idref="fl-5"/>
      </object_component>
      <object_component id="oc-63c">
         <name>.text:hal_UART_Disable</name>
         <load_address>0x125b0</load_address>
         <run_address>0x125b0</run_address>
         <size>0x16</size>
         <input_file_ref idref="fl-5"/>
      </object_component>
      <object_component id="oc-48d">
         <name>.text:hal_UART_DisableTxInterrupt</name>
         <load_address>0x125c6</load_address>
         <run_address>0x125c6</run_address>
         <size>0x16</size>
         <input_file_ref idref="fl-5"/>
      </object_component>
      <object_component id="oc-64c">
         <name>.text:hal_UART_Enable</name>
         <load_address>0x125dc</load_address>
         <run_address>0x125dc</run_address>
         <size>0x16</size>
         <input_file_ref idref="fl-5"/>
      </object_component>
      <object_component id="oc-658">
         <name>.text:hal_UART_EnableRxInterrupt</name>
         <load_address>0x125f2</load_address>
         <run_address>0x125f2</run_address>
         <size>0x16</size>
         <input_file_ref idref="fl-5"/>
      </object_component>
      <object_component id="oc-652">
         <name>.text:hal_UART_EnableTxInterrupt</name>
         <load_address>0x12608</load_address>
         <run_address>0x12608</run_address>
         <size>0x16</size>
         <input_file_ref idref="fl-5"/>
      </object_component>
      <object_component id="oc-47b">
         <name>.text:hal_UART_TxByte</name>
         <load_address>0x1261e</load_address>
         <run_address>0x1261e</run_address>
         <size>0x16</size>
         <input_file_ref idref="fl-5"/>
      </object_component>
      <object_component id="oc-788">
         <name>.text</name>
         <load_address>0x12634</load_address>
         <run_address>0x12634</run_address>
         <size>0x16</size>
         <input_file_ref idref="fl-30"/>
      </object_component>
      <object_component id="oc-7ee">
         <name>.text:srand</name>
         <load_address>0x1264a</load_address>
         <run_address>0x1264a</run_address>
         <size>0x16</size>
         <input_file_ref idref="fl-62"/>
      </object_component>
      <object_component id="oc-62d">
         <name>.text:Timing_Roll</name>
         <load_address>0x12660</load_address>
         <run_address>0x12660</run_address>
         <size>0x14</size>
         <input_file_ref idref="fl-d"/>
      </object_component>
      <object_component id="oc-38c">
         <name>.text:memcpy</name>
         <load_address>0x12674</load_address>
         <run_address>0x12674</run_address>
         <size>0x14</size>
         <input_file_ref idref="fl-61"/>
      </object_component>
      <object_component id="oc-73">
         <name>.text:decompress:none:__TI_decompress_none</name>
         <load_address>0x12688</load_address>
         <run_address>0x12688</run_address>
         <size>0x12</size>
         <input_file_ref idref="fl-5b"/>
      </object_component>
      <object_component id="oc-838">
         <name>.text:tolower</name>
         <load_address>0x1269a</load_address>
         <run_address>0x1269a</run_address>
         <size>0x12</size>
         <input_file_ref idref="fl-65"/>
      </object_component>
      <object_component id="oc-672">
         <name>.text:initialTrackWidth</name>
         <load_address>0x126ac</load_address>
         <run_address>0x126ac</run_address>
         <size>0x10</size>
         <input_file_ref idref="fl-8"/>
      </object_component>
      <object_component id="oc-552">
         <name>.text:IdentifyTask</name>
         <load_address>0x126bc</load_address>
         <run_address>0x126bc</run_address>
         <size>0xe</size>
         <input_file_ref idref="fl-b"/>
      </object_component>
      <object_component id="oc-5c1">
         <name>.text:List_UnlinkFirst</name>
         <load_address>0x126ca</load_address>
         <run_address>0x126ca</run_address>
         <size>0xc</size>
         <input_file_ref idref="fl-6"/>
      </object_component>
      <object_component id="oc-5bb">
         <name>.text:TimeNow</name>
         <load_address>0x126d6</load_address>
         <run_address>0x126d6</run_address>
         <size>0xa</size>
         <input_file_ref idref="fl-d"/>
      </object_component>
      <object_component id="oc-467">
         <name>.text</name>
         <load_address>0x126e0</load_address>
         <run_address>0x126e0</run_address>
         <size>0xa</size>
         <input_file_ref idref="fl-4b"/>
      </object_component>
      <object_component id="oc-666">
         <name>.text:Game_HideCursor</name>
         <load_address>0x126ea</load_address>
         <run_address>0x126ea</run_address>
         <size>0x8</size>
         <input_file_ref idref="fl-4"/>
      </object_component>
      <object_component id="oc-7c6">
         <name>.text:Log_GetEcho</name>
         <load_address>0x126f2</load_address>
         <run_address>0x126f2</run_address>
         <size>0x8</size>
         <input_file_ref idref="fl-a"/>
      </object_component>
      <object_component id="oc-558">
         <name>.text:List_SetIdentifyFunction</name>
         <load_address>0x126fa</load_address>
         <run_address>0x126fa</run_address>
         <size>0x6</size>
         <input_file_ref idref="fl-6"/>
      </object_component>
      <object_component id="oc-54c">
         <name>.text:List_SetSortFunction</name>
         <load_address>0x12700</load_address>
         <run_address>0x12700</run_address>
         <size>0x6</size>
         <input_file_ref idref="fl-6"/>
      </object_component>
      <object_component id="oc-7cc">
         <name>.text:Log_EchoOff</name>
         <load_address>0x12706</load_address>
         <run_address>0x12706</run_address>
         <size>0x6</size>
         <input_file_ref idref="fl-a"/>
      </object_component>
      <object_component id="oc-4af">
         <name>.text:Log_EchoOn</name>
         <load_address>0x1270c</load_address>
         <run_address>0x1270c</run_address>
         <size>0x6</size>
         <input_file_ref idref="fl-a"/>
      </object_component>
      <object_component id="oc-4c3">
         <name>.text:abort</name>
         <load_address>0x12712</load_address>
         <run_address>0x12712</run_address>
         <size>0x6</size>
         <input_file_ref idref="fl-5e"/>
      </object_component>
      <object_component id="oc-487">
         <name>.text:Buffer_GetSize</name>
         <load_address>0x12718</load_address>
         <run_address>0x12718</run_address>
         <size>0x4</size>
         <input_file_ref idref="fl-2"/>
      </object_component>
      <object_component id="oc-80b">
         <name>.text:Play</name>
         <load_address>0x1271c</load_address>
         <run_address>0x1271c</run_address>
         <size>0x4</size>
         <input_file_ref idref="fl-4"/>
      </object_component>
      <object_component id="oc-417">
         <name>.text:_system_pre_init</name>
         <load_address>0x12720</load_address>
         <run_address>0x12720</run_address>
         <size>0x4</size>
         <input_file_ref idref="fl-59"/>
      </object_component>
      <object_component id="oc-6fa">
         <name>.text:_nop</name>
         <load_address>0x12724</load_address>
         <run_address>0x12724</run_address>
         <size>0x2</size>
         <input_file_ref idref="fl-5f"/>
      </object_component>
      <object_component id="oc-5e6">
         <name>.text:_system_post_cinit</name>
         <load_address>0x12726</load_address>
         <run_address>0x12726</run_address>
         <size>0x2</size>
         <input_file_ref idref="fl-5a"/>
      </object_component>
      <object_component id="oc-3bc">
         <name>.text:_isr:_c_int00_noargs</name>
         <load_address>0x4400</load_address>
         <run_address>0x4400</run_address>
         <size>0x1c</size>
         <input_file_ref idref="fl-54"/>
      </object_component>
      <object_component id="oc-3a4">
         <name>.text:_isr:_UART0_ISR</name>
         <load_address>0x441c</load_address>
         <run_address>0x441c</run_address>
         <size>0x18</size>
         <input_file_ref idref="fl-5"/>
      </object_component>
      <object_component id="oc-39e">
         <name>.text:_isr:TIMER0_A0_ISR</name>
         <load_address>0x4434</load_address>
         <run_address>0x4434</run_address>
         <size>0xe</size>
         <input_file_ref idref="fl-d"/>
      </object_component>
      <object_component id="oc-399">
         <name>.text:_isr:__TI_ISR_TRAP</name>
         <load_address>0x4442</load_address>
         <run_address>0x4442</run_address>
         <size>0x8</size>
         <input_file_ref idref="fl-4a"/>
      </object_component>
      <object_component id="oc-913">
         <name>.cinit..data.load</name>
         <load_address>0x47b8</load_address>
         <run_address>0x47b8</run_address>
         <size>0x24</size>
      </object_component>
      <object_component id="oc-910">
         <name>__TI_handler_table</name>
         <load_address>0x47dc</load_address>
         <run_address>0x47dc</run_address>
         <size>0xc</size>
      </object_component>
      <object_component id="oc-912">
         <name>.cinit..bss.load</name>
         <load_address>0x47e8</load_address>
         <run_address>0x47e8</run_address>
         <size>0x6</size>
      </object_component>
      <object_component id="oc-911">
         <name>__TI_cinit_table</name>
         <load_address>0x47ee</load_address>
         <run_address>0x47ee</run_address>
         <size>0x10</size>
      </object_component>
      <object_component id="oc-743">
         <name>.const:.string</name>
         <load_address>0x444a</load_address>
         <run_address>0x444a</run_address>
         <size>0x116</size>
         <input_file_ref idref="fl-4"/>
      </object_component>
      <object_component id="oc-85b">
         <name>.const:.string:_ctypes_</name>
         <load_address>0x4560</load_address>
         <run_address>0x4560</run_address>
         <size>0x101</size>
         <input_file_ref idref="fl-69"/>
      </object_component>
      <object_component id="oc-845">
         <name>.const:.string</name>
         <load_address>0x4662</load_address>
         <run_address>0x4662</run_address>
         <size>0xc4</size>
         <input_file_ref idref="fl-a"/>
      </object_component>
      <object_component id="oc-587">
         <name>.const:.string</name>
         <load_address>0x4726</load_address>
         <run_address>0x4726</run_address>
         <size>0x4c</size>
         <input_file_ref idref="fl-8"/>
      </object_component>
      <object_component id="oc-822">
         <name>.const:.string</name>
         <load_address>0x4772</load_address>
         <run_address>0x4772</run_address>
         <size>0x30</size>
         <input_file_ref idref="fl-c"/>
      </object_component>
      <object_component id="oc-4b5">
         <name>.const:.string</name>
         <load_address>0x47a2</load_address>
         <run_address>0x47a2</run_address>
         <size>0x16</size>
         <input_file_ref idref="fl-7"/>
      </object_component>
      <object_component id="oc-8a2">
         <name>.binit</name>
         <load_address>0x4400</load_address>
         <run_address>0x4400</run_address>
         <size>0x0</size>
      </object_component>
      <object_component id="oc-79">
         <name>.int41</name>
         <load_address>0xffd2</load_address>
         <run_address>0xffd2</run_address>
         <size>0x2</size>
         <input_file_ref idref="fl-36"/>
      </object_component>
      <object_component id="oc-7a">
         <name>.int42</name>
         <load_address>0xffd4</load_address>
         <run_address>0xffd4</run_address>
         <size>0x2</size>
         <input_file_ref idref="fl-37"/>
      </object_component>
      <object_component id="oc-7b">
         <name>.int43</name>
         <load_address>0xffd6</load_address>
         <run_address>0xffd6</run_address>
         <size>0x2</size>
         <input_file_ref idref="fl-38"/>
      </object_component>
      <object_component id="oc-7c">
         <name>.int44</name>
         <load_address>0xffd8</load_address>
         <run_address>0xffd8</run_address>
         <size>0x2</size>
         <input_file_ref idref="fl-39"/>
      </object_component>
      <object_component id="oc-7d">
         <name>.int45</name>
         <load_address>0xffda</load_address>
         <run_address>0xffda</run_address>
         <size>0x2</size>
         <input_file_ref idref="fl-3a"/>
      </object_component>
      <object_component id="oc-7e">
         <name>.int46</name>
         <load_address>0xffdc</load_address>
         <run_address>0xffdc</run_address>
         <size>0x2</size>
         <input_file_ref idref="fl-3b"/>
      </object_component>
      <object_component id="oc-7f">
         <name>.int47</name>
         <load_address>0xffde</load_address>
         <run_address>0xffde</run_address>
         <size>0x2</size>
         <input_file_ref idref="fl-3c"/>
      </object_component>
      <object_component id="oc-80">
         <name>.int48</name>
         <load_address>0xffe0</load_address>
         <run_address>0xffe0</run_address>
         <size>0x2</size>
         <input_file_ref idref="fl-3d"/>
      </object_component>
      <object_component id="oc-81">
         <name>.int49</name>
         <load_address>0xffe2</load_address>
         <run_address>0xffe2</run_address>
         <size>0x2</size>
         <input_file_ref idref="fl-3e"/>
      </object_component>
      <object_component id="oc-82">
         <name>.int50</name>
         <load_address>0xffe4</load_address>
         <run_address>0xffe4</run_address>
         <size>0x2</size>
         <input_file_ref idref="fl-3f"/>
      </object_component>
      <object_component id="oc-83">
         <name>.int51</name>
         <load_address>0xffe6</load_address>
         <run_address>0xffe6</run_address>
         <size>0x2</size>
         <input_file_ref idref="fl-40"/>
      </object_component>
      <object_component id="oc-84">
         <name>.int52</name>
         <load_address>0xffe8</load_address>
         <run_address>0xffe8</run_address>
         <size>0x2</size>
         <input_file_ref idref="fl-41"/>
      </object_component>
      <object_component id="oc-85">
         <name>.int53</name>
         <load_address>0xffea</load_address>
         <run_address>0xffea</run_address>
         <size>0x2</size>
         <input_file_ref idref="fl-d"/>
      </object_component>
      <object_component id="oc-86">
         <name>.int54</name>
         <load_address>0xffec</load_address>
         <run_address>0xffec</run_address>
         <size>0x2</size>
         <input_file_ref idref="fl-42"/>
      </object_component>
      <object_component id="oc-87">
         <name>.int55</name>
         <load_address>0xffee</load_address>
         <run_address>0xffee</run_address>
         <size>0x2</size>
         <input_file_ref idref="fl-43"/>
      </object_component>
      <object_component id="oc-88">
         <name>.int56</name>
         <load_address>0xfff0</load_address>
         <run_address>0xfff0</run_address>
         <size>0x2</size>
         <input_file_ref idref="fl-5"/>
      </object_component>
      <object_component id="oc-89">
         <name>.int57</name>
         <load_address>0xfff2</load_address>
         <run_address>0xfff2</run_address>
         <size>0x2</size>
         <input_file_ref idref="fl-44"/>
      </object_component>
      <object_component id="oc-8a">
         <name>.int58</name>
         <load_address>0xfff4</load_address>
         <run_address>0xfff4</run_address>
         <size>0x2</size>
         <input_file_ref idref="fl-45"/>
      </object_component>
      <object_component id="oc-8b">
         <name>.int59</name>
         <load_address>0xfff6</load_address>
         <run_address>0xfff6</run_address>
         <size>0x2</size>
         <input_file_ref idref="fl-46"/>
      </object_component>
      <object_component id="oc-8c">
         <name>.int60</name>
         <load_address>0xfff8</load_address>
         <run_address>0xfff8</run_address>
         <size>0x2</size>
         <input_file_ref idref="fl-47"/>
      </object_component>
      <object_component id="oc-8d">
         <name>.int61</name>
         <load_address>0xfffa</load_address>
         <run_address>0xfffa</run_address>
         <size>0x2</size>
         <input_file_ref idref="fl-48"/>
      </object_component>
      <object_component id="oc-8e">
         <name>.int62</name>
         <load_address>0xfffc</load_address>
         <run_address>0xfffc</run_address>
         <size>0x2</size>
         <input_file_ref idref="fl-49"/>
      </object_component>
      <object_component id="oc-380">
         <name>.reset</name>
         <load_address>0xfffe</load_address>
         <run_address>0xfffe</run_address>
         <size>0x2</size>
         <input_file_ref idref="fl-54"/>
      </object_component>
      <object_component id="oc-502">
         <name>.debug_info</name>
         <load_address>0x0</load_address>
         <run_address>0x0</run_address>
         <size>0x314</size>
         <input_file_ref idref="fl-2"/>
      </object_component>
      <object_component id="oc-57e">
         <name>.debug_info</name>
         <load_address>0x314</load_address>
         <run_address>0x314</run_address>
         <size>0x2ae</size>
         <input_file_ref idref="fl-2"/>
      </object_component>
      <object_component id="oc-488">
         <name>.debug_info</name>
         <load_address>0x5c2</load_address>
         <run_address>0x5c2</run_address>
         <size>0x24c</size>
         <input_file_ref idref="fl-2"/>
      </object_component>
      <object_component id="oc-462">
         <name>.debug_info</name>
         <load_address>0x80e</load_address>
         <run_address>0x80e</run_address>
         <size>0x2a8</size>
         <input_file_ref idref="fl-2"/>
      </object_component>
      <object_component id="oc-476">
         <name>.debug_info</name>
         <load_address>0xab6</load_address>
         <run_address>0xab6</run_address>
         <size>0x272</size>
         <input_file_ref idref="fl-2"/>
      </object_component>
      <object_component id="oc-50b">
         <name>.debug_info</name>
         <load_address>0xd28</load_address>
         <run_address>0xd28</run_address>
         <size>0xd6</size>
         <input_file_ref idref="fl-2"/>
      </object_component>
      <object_component id="oc-44e">
         <name>.debug_info</name>
         <load_address>0xdfe</load_address>
         <run_address>0xdfe</run_address>
         <size>0x26b</size>
         <input_file_ref idref="fl-2"/>
      </object_component>
      <object_component id="oc-444">
         <name>.debug_info</name>
         <load_address>0x1069</load_address>
         <run_address>0x1069</run_address>
         <size>0x757</size>
         <input_file_ref idref="fl-2"/>
      </object_component>
      <object_component id="oc-69d">
         <name>.debug_info</name>
         <load_address>0x17c0</load_address>
         <run_address>0x17c0</run_address>
         <size>0xb1</size>
         <input_file_ref idref="fl-2"/>
      </object_component>
      <object_component id="oc-387">
         <name>.debug_info</name>
         <load_address>0x1871</load_address>
         <run_address>0x1871</run_address>
         <size>0x84</size>
         <input_file_ref idref="fl-2"/>
      </object_component>
      <object_component id="oc-503">
         <name>.debug_info</name>
         <load_address>0x18f5</load_address>
         <run_address>0x18f5</run_address>
         <size>0x275</size>
         <input_file_ref idref="fl-2"/>
      </object_component>
      <object_component id="oc-449">
         <name>.debug_info</name>
         <load_address>0x1b6a</load_address>
         <run_address>0x1b6a</run_address>
         <size>0xbb</size>
         <input_file_ref idref="fl-2"/>
      </object_component>
      <object_component id="oc-3f0">
         <name>.debug_info</name>
         <load_address>0x1c25</load_address>
         <run_address>0x1c25</run_address>
         <size>0x2c</size>
         <input_file_ref idref="fl-2"/>
      </object_component>
      <object_component id="oc-6d8">
         <name>.debug_info</name>
         <load_address>0x1c51</load_address>
         <run_address>0x1c51</run_address>
         <size>0x2df</size>
         <input_file_ref idref="fl-3"/>
      </object_component>
      <object_component id="oc-6aa">
         <name>.debug_info</name>
         <load_address>0x1f30</load_address>
         <run_address>0x1f30</run_address>
         <size>0x2c8</size>
         <input_file_ref idref="fl-3"/>
      </object_component>
      <object_component id="oc-6b6">
         <name>.debug_info</name>
         <load_address>0x21f8</load_address>
         <run_address>0x21f8</run_address>
         <size>0x2c9</size>
         <input_file_ref idref="fl-3"/>
      </object_component>
      <object_component id="oc-6b0">
         <name>.debug_info</name>
         <load_address>0x24c1</load_address>
         <run_address>0x24c1</run_address>
         <size>0x296</size>
         <input_file_ref idref="fl-3"/>
      </object_component>
      <object_component id="oc-6bc">
         <name>.debug_info</name>
         <load_address>0x2757</load_address>
         <run_address>0x2757</run_address>
         <size>0x2bd</size>
         <input_file_ref idref="fl-3"/>
      </object_component>
      <object_component id="oc-6c1">
         <name>.debug_info</name>
         <load_address>0x2a14</load_address>
         <run_address>0x2a14</run_address>
         <size>0x27c</size>
         <input_file_ref idref="fl-3"/>
      </object_component>
      <object_component id="oc-6c7">
         <name>.debug_info</name>
         <load_address>0x2c90</load_address>
         <run_address>0x2c90</run_address>
         <size>0x28c</size>
         <input_file_ref idref="fl-3"/>
      </object_component>
      <object_component id="oc-6d3">
         <name>.debug_info</name>
         <load_address>0x2f1c</load_address>
         <run_address>0x2f1c</run_address>
         <size>0x356</size>
         <input_file_ref idref="fl-3"/>
      </object_component>
      <object_component id="oc-5a4">
         <name>.debug_info</name>
         <load_address>0x3272</load_address>
         <run_address>0x3272</run_address>
         <size>0x3c1</size>
         <input_file_ref idref="fl-3"/>
      </object_component>
      <object_component id="oc-51a">
         <name>.debug_info</name>
         <load_address>0x3633</load_address>
         <run_address>0x3633</run_address>
         <size>0x2c</size>
         <input_file_ref idref="fl-3"/>
      </object_component>
      <object_component id="oc-609">
         <name>.debug_info</name>
         <load_address>0x365f</load_address>
         <run_address>0x365f</run_address>
         <size>0x66a</size>
         <input_file_ref idref="fl-4"/>
      </object_component>
      <object_component id="oc-690">
         <name>.debug_info</name>
         <load_address>0x3cc9</load_address>
         <run_address>0x3cc9</run_address>
         <size>0x17b</size>
         <input_file_ref idref="fl-4"/>
      </object_component>
      <object_component id="oc-68d">
         <name>.debug_info</name>
         <load_address>0x3e44</load_address>
         <run_address>0x3e44</run_address>
         <size>0x31a</size>
         <input_file_ref idref="fl-4"/>
      </object_component>
      <object_component id="oc-680">
         <name>.debug_info</name>
         <load_address>0x415e</load_address>
         <run_address>0x415e</run_address>
         <size>0x272</size>
         <input_file_ref idref="fl-4"/>
      </object_component>
      <object_component id="oc-687">
         <name>.debug_info</name>
         <load_address>0x43d0</load_address>
         <run_address>0x43d0</run_address>
         <size>0x27c</size>
         <input_file_ref idref="fl-4"/>
      </object_component>
      <object_component id="oc-595">
         <name>.debug_info</name>
         <load_address>0x464c</load_address>
         <run_address>0x464c</run_address>
         <size>0x2ff</size>
         <input_file_ref idref="fl-4"/>
      </object_component>
      <object_component id="oc-756">
         <name>.debug_info</name>
         <load_address>0x494b</load_address>
         <run_address>0x494b</run_address>
         <size>0x292</size>
         <input_file_ref idref="fl-4"/>
      </object_component>
      <object_component id="oc-667">
         <name>.debug_info</name>
         <load_address>0x4bdd</load_address>
         <run_address>0x4bdd</run_address>
         <size>0x23c</size>
         <input_file_ref idref="fl-4"/>
      </object_component>
      <object_component id="oc-74a">
         <name>.debug_info</name>
         <load_address>0x4e19</load_address>
         <run_address>0x4e19</run_address>
         <size>0x2a9</size>
         <input_file_ref idref="fl-4"/>
      </object_component>
      <object_component id="oc-66d">
         <name>.debug_info</name>
         <load_address>0x50c2</load_address>
         <run_address>0x50c2</run_address>
         <size>0x391</size>
         <input_file_ref idref="fl-4"/>
      </object_component>
      <object_component id="oc-661">
         <name>.debug_info</name>
         <load_address>0x5453</load_address>
         <run_address>0x5453</run_address>
         <size>0x243</size>
         <input_file_ref idref="fl-4"/>
      </object_component>
      <object_component id="oc-80c">
         <name>.debug_info</name>
         <load_address>0x5696</load_address>
         <run_address>0x5696</run_address>
         <size>0x241</size>
         <input_file_ref idref="fl-4"/>
      </object_component>
      <object_component id="oc-775">
         <name>.debug_info</name>
         <load_address>0x58d7</load_address>
         <run_address>0x58d7</run_address>
         <size>0x440</size>
         <input_file_ref idref="fl-4"/>
      </object_component>
      <object_component id="oc-722">
         <name>.debug_info</name>
         <load_address>0x5d17</load_address>
         <run_address>0x5d17</run_address>
         <size>0xc2</size>
         <input_file_ref idref="fl-4"/>
      </object_component>
      <object_component id="oc-51f">
         <name>.debug_info</name>
         <load_address>0x5dd9</load_address>
         <run_address>0x5dd9</run_address>
         <size>0x39</size>
         <input_file_ref idref="fl-4"/>
      </object_component>
      <object_component id="oc-727">
         <name>.debug_info</name>
         <load_address>0x5e12</load_address>
         <run_address>0x5e12</run_address>
         <size>0x5a</size>
         <input_file_ref idref="fl-4"/>
      </object_component>
      <object_component id="oc-72c">
         <name>.debug_info</name>
         <load_address>0x5e6c</load_address>
         <run_address>0x5e6c</run_address>
         <size>0xfc</size>
         <input_file_ref idref="fl-4"/>
      </object_component>
      <object_component id="oc-515">
         <name>.debug_info</name>
         <load_address>0x5f68</load_address>
         <run_address>0x5f68</run_address>
         <size>0x5a</size>
         <input_file_ref idref="fl-4"/>
      </object_component>
      <object_component id="oc-6da">
         <name>.debug_info</name>
         <load_address>0x5fc2</load_address>
         <run_address>0x5fc2</run_address>
         <size>0x2a9</size>
         <input_file_ref idref="fl-5"/>
      </object_component>
      <object_component id="oc-47c">
         <name>.debug_info</name>
         <load_address>0x626b</load_address>
         <run_address>0x626b</run_address>
         <size>0x2a3</size>
         <input_file_ref idref="fl-5"/>
      </object_component>
      <object_component id="oc-482">
         <name>.debug_info</name>
         <load_address>0x650e</load_address>
         <run_address>0x650e</run_address>
         <size>0x2a1</size>
         <input_file_ref idref="fl-5"/>
      </object_component>
      <object_component id="oc-45c">
         <name>.debug_info</name>
         <load_address>0x67af</load_address>
         <run_address>0x67af</run_address>
         <size>0x291</size>
         <input_file_ref idref="fl-5"/>
      </object_component>
      <object_component id="oc-63d">
         <name>.debug_info</name>
         <load_address>0x6a40</load_address>
         <run_address>0x6a40</run_address>
         <size>0x28f</size>
         <input_file_ref idref="fl-5"/>
      </object_component>
      <object_component id="oc-64d">
         <name>.debug_info</name>
         <load_address>0x6ccf</load_address>
         <run_address>0x6ccf</run_address>
         <size>0x28d</size>
         <input_file_ref idref="fl-5"/>
      </object_component>
      <object_component id="oc-653">
         <name>.debug_info</name>
         <load_address>0x6f5c</load_address>
         <run_address>0x6f5c</run_address>
         <size>0x2a3</size>
         <input_file_ref idref="fl-5"/>
      </object_component>
      <object_component id="oc-659">
         <name>.debug_info</name>
         <load_address>0x71ff</load_address>
         <run_address>0x71ff</run_address>
         <size>0x2a3</size>
         <input_file_ref idref="fl-5"/>
      </object_component>
      <object_component id="oc-575">
         <name>.debug_info</name>
         <load_address>0x74a2</load_address>
         <run_address>0x74a2</run_address>
         <size>0x4f9</size>
         <input_file_ref idref="fl-5"/>
      </object_component>
      <object_component id="oc-48e">
         <name>.debug_info</name>
         <load_address>0x799b</load_address>
         <run_address>0x799b</run_address>
         <size>0x2a5</size>
         <input_file_ref idref="fl-5"/>
      </object_component>
      <object_component id="oc-46e">
         <name>.debug_info</name>
         <load_address>0x7c40</load_address>
         <run_address>0x7c40</run_address>
         <size>0x29f</size>
         <input_file_ref idref="fl-5"/>
      </object_component>
      <object_component id="oc-403">
         <name>.debug_info</name>
         <load_address>0x7edf</load_address>
         <run_address>0x7edf</run_address>
         <size>0x293</size>
         <input_file_ref idref="fl-5"/>
      </object_component>
      <object_component id="oc-3a5">
         <name>.debug_info</name>
         <load_address>0x8172</load_address>
[...]
         <name>Log_Header</name>
         <value>0x11d20</value>
         <object_component_ref idref="oc-887"/>
      </symbol>
      <symbol id="sm-757">
         <name>Log_EchoOn</name>
         <value>0x1270c</value>
         <object_component_ref idref="oc-4af"/>
      </symbol>
      <symbol id="sm-758">
         <name>Log_EchoOff</name>
         <value>0x12706</value>
         <object_component_ref idref="oc-7cc"/>
      </symbol>
      <symbol id="sm-759">
         <name>Subsystem_Init</name>
         <value>0x11630</value>
         <object_component_ref idref="oc-77a"/>
      </symbol>
      <symbol id="sm-75a">
         <name>Log_GetEcho</name>
         <value>0x126f2</value>
         <object_component_ref idref="oc-7c6"/>
      </symbol>
      <symbol id="sm-75b">
         <name>Subsystem_Write</name>
         <value>0x119ec</value>
         <object_component_ref idref="oc-869"/>
      </symbol>
      <symbol id="sm-75c">
         <name>LogStr</name>
         <value>0x12584</value>
         <object_component_ref idref="oc-863"/>
      </symbol>
      <symbol id="sm-75d">
         <name>Subsystem_GetName</name>
         <value>0x121fe</value>
         <object_component_ref idref="oc-894"/>
      </symbol>
      <symbol id="sm-7aa">
         <name>task_list_array</name>
         <value>0x3400</value>
      </symbol>
      <symbol id="sm-7ab">
         <name>task_list_links</name>
         <value>0x3a2c</value>
      </symbol>
      <symbol id="sm-7ac">
         <name>task_list</name>
         <value>0x3d56</value>
      </symbol>
      <symbol id="sm-7ad">
         <name>idle_task</name>
         <value>0x3e06</value>
      </symbol>
      <symbol id="sm-7ae">
         <name>SystemTick</name>
         <value>0x10db0</value>
         <object_component_ref idref="oc-4bc"/>
      </symbol>
      <symbol id="sm-7af">
         <name>Task_Schedule</name>
         <value>0x11cd6</value>
         <object_component_ref idref="oc-565"/>
      </symbol>
      <symbol id="sm-7b0">
         <name>Task_Init</name>
         <value>0x1179a</value>
         <object_component_ref idref="oc-49d"/>
      </symbol>
      <symbol id="sm-7ce">
         <name>Terminal_ShowCursor</name>
         <value>0x1248a</value>
         <object_component_ref idref="oc-7d2"/>
      </symbol>
      <symbol id="sm-7cf">
         <name>Terminal_HideCursor</name>
         <value>0x1246e</value>
         <object_component_ref idref="oc-7c0"/>
      </symbol>
      <symbol id="sm-7d0">
         <name>Terminal_CharXY</name>
         <value>0x1216c</value>
         <object_component_ref idref="oc-7d8"/>
      </symbol>
      <symbol id="sm-811">
         <name>time_ms</name>
         <value>0x3e0e</value>
      </symbol>
      <symbol id="sm-812">
         <name>rollover_time</name>
         <value>0x3e0a</value>
      </symbol>
      <symbol id="sm-813">
         <name>DelayMs</name>
         <value>0x122fe</value>
         <object_component_ref idref="oc-74f"/>
      </symbol>
      <symbol id="sm-814">
         <name>TimeNow</name>
         <value>0x126d6</value>
         <object_component_ref idref="oc-5bb"/>
      </symbol>
      <symbol id="sm-815">
         <name>__TI_int53</name>
         <value>0xffea</value>
         <object_component_ref idref="oc-85"/>
      </symbol>
      <symbol id="sm-816">
         <name>Timing_Init</name>
         <value>0x12432</value>
         <object_component_ref idref="oc-535"/>
      </symbol>
      <symbol id="sm-817">
         <name>Timing_Roll</name>
         <value>0x12660</value>
         <object_component_ref idref="oc-62d"/>
      </symbol>
      <symbol id="sm-818">
         <name>TimeSince</name>
         <value>0x11f2a</value>
         <object_component_ref idref="oc-7df"/>
      </symbol>
      <symbol id="sm-819">
         <name>hal_Timing_Init</name>
         <value>0x12528</value>
         <object_component_ref idref="oc-60e"/>
      </symbol>
      <symbol id="sm-81a">
         <name>TIMER0_A0_ISR</name>
         <value>0x4434</value>
         <object_component_ref idref="oc-39e"/>
      </symbol>
      <symbol id="sm-88f">
         <name>rx0</name>
         <value>0x3da6</value>
      </symbol>
      <symbol id="sm-890">
         <name>tx0</name>
         <value>0x3dc2</value>
      </symbol>
      <symbol id="sm-891">
         <name>tx_buffer_array0</name>
         <value>0x2400</value>
      </symbol>
      <symbol id="sm-892">
         <name>rx_buffer_array0</name>
         <value>0x3d86</value>
      </symbol>
      <symbol id="sm-893">
         <name>receiverList0</name>
         <value>0x3df0</value>
      </symbol>
      <symbol id="sm-894">
         <name>receiver_array0</name>
         <value>0x3df8</value>
      </symbol>
      <symbol id="sm-895">
         <name>uart</name>
         <value>0x3dde</value>
      </symbol>
      <symbol id="sm-896">
         <name>rx_flags</name>
         <value>0x3e16</value>
      </symbol>
      <symbol id="sm-897">
         <name>error_flags</name>
         <value>0x3e14</value>
      </symbol>
      <symbol id="sm-898">
         <name>UART_Rx_Handler</name>
         <value>0x11f68</value>
         <object_component_ref idref="oc-3fc"/>
      </symbol>
      <symbol id="sm-899">
         <name>UART_Tx_Handler</name>
         <value>0x11c3c</value>
         <object_component_ref idref="oc-408"/>
      </symbol>
      <symbol id="sm-89a">
         <name>UART_printf</name>
         <value>0x1219e</value>
         <object_component_ref idref="oc-4b6"/>
      </symbol>
      <symbol id="sm-89b">
         <name>UART_WriteByte</name>
         <value>0x122d4</value>
         <object_component_ref idref="oc-870"/>
      </symbol>
      <symbol id="sm-89c">
         <name>UART_RegisterReceiver</name>
         <value>0x11da8</value>
         <object_component_ref idref="oc-84f"/>
      </symbol>
      <symbol id="sm-89d">
         <name>UART_IsTransmitting</name>
         <value>0x12450</value>
         <object_component_ref idref="oc-7e6"/>
      </symbol>
      <symbol id="sm-89e">
         <name>UART_vprintf</name>
         <value>0x121d0</value>
         <object_component_ref idref="oc-76d"/>
      </symbol>
      <symbol id="sm-89f">
         <name>UART_Tick</name>
         <value>0x1080e</value>
         <object_component_ref idref="oc-56d"/>
      </symbol>
      <symbol id="sm-8a0">
         <name>UART_Init</name>
         <value>0x111ca</value>
         <object_component_ref idref="oc-4a3"/>
      </symbol>
      <symbol id="sm-8ac">
         <name>__mspabi_remi</name>
         <value>0x1222a</value>
         <object_component_ref idref="oc-7fa"/>
      </symbol>
      <symbol id="sm-8ad">
         <name>__mspabi_divi</name>
         <value>0x1222a</value>
         <object_component_ref idref="oc-7fa"/>
      </symbol>
      <symbol id="sm-8b7">
         <name>__mspabi_remu</name>
         <value>0x12634</value>
         <object_component_ref idref="oc-788"/>
      </symbol>
      <symbol id="sm-8b8">
         <name>__mspabi_divu</name>
         <value>0x12634</value>
         <object_component_ref idref="oc-788"/>
      </symbol>
      <symbol id="sm-8c7">
         <name>__mspabi_remul</name>
         <value>0x11a46</value>
         <object_component_ref idref="oc-642"/>
      </symbol>
      <symbol id="sm-8c8">
         <name>__mspabi_divul</name>
         <value>0x11a46</value>
         <object_component_ref idref="oc-642"/>
      </symbol>
      <symbol id="sm-8df">
         <name>__mspabi_mpyf</name>
         <value>0x10e68</value>
         <object_component_ref idref="oc-79c"/>
      </symbol>
      <symbol id="sm-8f1">
         <name>__mspabi_fixfi</name>
         <value>0x1180a</value>
         <object_component_ref idref="oc-797"/>
      </symbol>
      <symbol id="sm-904">
         <name>__mspabi_fixfli</name>
         <value>0x115b2</value>
         <object_component_ref idref="oc-7a1"/>
      </symbol>
      <symbol id="sm-907">
         <name>__TI_int41</name>
         <value>0xffd2</value>
         <object_component_ref idref="oc-79"/>
      </symbol>
      <symbol id="sm-90a">
         <name>__TI_int42</name>
         <value>0xffd4</value>
         <object_component_ref idref="oc-7a"/>
      </symbol>
      <symbol id="sm-90d">
         <name>__TI_int43</name>
         <value>0xffd6</value>
         <object_component_ref idref="oc-7b"/>
      </symbol>
      <symbol id="sm-910">
         <name>__TI_int44</name>
         <value>0xffd8</value>
         <object_component_ref idref="oc-7c"/>
      </symbol>
      <symbol id="sm-913">
         <name>__TI_int45</name>
         <value>0xffda</value>
         <object_component_ref idref="oc-7d"/>
      </symbol>
      <symbol id="sm-916">
         <name>__TI_int46</name>
         <value>0xffdc</value>
         <object_component_ref idref="oc-7e"/>
      </symbol>
      <symbol id="sm-919">
         <name>__TI_int47</name>
         <value>0xffde</value>
         <object_component_ref idref="oc-7f"/>
      </symbol>
      <symbol id="sm-91c">
         <name>__TI_int48</name>
         <value>0xffe0</value>
         <object_component_ref idref="oc-80"/>
      </symbol>
      <symbol id="sm-91f">
         <name>__TI_int49</name>
         <value>0xffe2</value>
         <object_component_ref idref="oc-81"/>
      </symbol>
      <symbol id="sm-922">
         <name>__TI_int50</name>
         <value>0xffe4</value>
         <object_component_ref idref="oc-82"/>
      </symbol>
      <symbol id="sm-925">
         <name>__TI_int51</name>
         <value>0xffe6</value>
         <object_component_ref idref="oc-83"/>
      </symbol>
      <symbol id="sm-928">
         <name>__TI_int52</name>
         <value>0xffe8</value>
         <object_component_ref idref="oc-84"/>
      </symbol>
      <symbol id="sm-92b">
         <name>__TI_int54</name>
         <value>0xffec</value>
         <object_component_ref idref="oc-86"/>
      </symbol>
      <symbol id="sm-92e">
         <name>__TI_int55</name>
         <value>0xffee</value>
         <object_component_ref idref="oc-87"/>
      </symbol>
      <symbol id="sm-931">
         <name>__TI_int57</name>
         <value>0xfff2</value>
         <object_component_ref idref="oc-89"/>
      </symbol>
      <symbol id="sm-934">
         <name>__TI_int58</name>
         <value>0xfff4</value>
         <object_component_ref idref="oc-8a"/>
      </symbol>
      <symbol id="sm-937">
         <name>__TI_int59</name>
         <value>0xfff6</value>
         <object_component_ref idref="oc-8b"/>
      </symbol>
      <symbol id="sm-93a">
         <name>__TI_int60</name>
         <value>0xfff8</value>
         <object_component_ref idref="oc-8c"/>
      </symbol>
      <symbol id="sm-93d">
         <name>__TI_int61</name>
         <value>0xfffa</value>
         <object_component_ref idref="oc-8d"/>
      </symbol>
      <symbol id="sm-940">
         <name>__TI_int62</name>
         <value>0xfffc</value>
         <object_component_ref idref="oc-8e"/>
      </symbol>
      <symbol id="sm-948">
         <name>__TI_ISR_TRAP</name>
         <value>0x4442</value>
         <object_component_ref idref="oc-399"/>
      </symbol>
      <symbol id="sm-951">
         <name>__mspabi_slli</name>
         <value>0x126e0</value>
         <object_component_ref idref="oc-467"/>
      </symbol>
      <symbol id="sm-959">
         <name>__mspabi_srll_8</name>
         <value>0x12000</value>
         <object_component_ref idref="oc-647"/>
      </symbol>
      <symbol id="sm-95a">
         <name>__mspabi_srll_9</name>
         <value>0x11ffc</value>
         <object_component_ref idref="oc-647"/>
      </symbol>
      <symbol id="sm-95b">
         <name>__mspabi_srll_6</name>
         <value>0x12008</value>
         <object_component_ref idref="oc-647"/>
      </symbol>
      <symbol id="sm-95c">
         <name>__mspabi_srll_7</name>
         <value>0x12004</value>
         <object_component_ref idref="oc-647"/>
      </symbol>
      <symbol id="sm-95d">
         <name>__mspabi_srll_4</name>
         <value>0x12010</value>
         <object_component_ref idref="oc-647"/>
      </symbol>
      <symbol id="sm-95e">
         <name>__mspabi_srll_5</name>
         <value>0x1200c</value>
         <object_component_ref idref="oc-647"/>
      </symbol>
      <symbol id="sm-95f">
         <name>__mspabi_srll_2</name>
         <value>0x12018</value>
         <object_component_ref idref="oc-647"/>
      </symbol>
      <symbol id="sm-960">
         <name>__mspabi_srll_3</name>
         <value>0x12014</value>
         <object_component_ref idref="oc-647"/>
      </symbol>
      <symbol id="sm-961">
         <name>__mspabi_srll_1</name>
         <value>0x1201c</value>
         <object_component_ref idref="oc-647"/>
      </symbol>
      <symbol id="sm-962">
         <name>__mspabi_srll_15</name>
         <value>0x11fe4</value>
         <object_component_ref idref="oc-647"/>
      </symbol>
      <symbol id="sm-963">
         <name>__mspabi_srll_14</name>
         <value>0x11fe8</value>
         <object_component_ref idref="oc-647"/>
      </symbol>
      <symbol id="sm-964">
         <name>__mspabi_srll_13</name>
         <value>0x11fec</value>
         <object_component_ref idref="oc-647"/>
      </symbol>
      <symbol id="sm-965">
         <name>__mspabi_srll_12</name>
         <value>0x11ff0</value>
         <object_component_ref idref="oc-647"/>
      </symbol>
      <symbol id="sm-966">
         <name>__mspabi_srll_11</name>
         <value>0x11ff4</value>
         <object_component_ref idref="oc-647"/>
      </symbol>
      <symbol id="sm-967">
         <name>__mspabi_srll_10</name>
         <value>0x11ff8</value>
         <object_component_ref idref="oc-647"/>
      </symbol>
      <symbol id="sm-970">
         <name>__mspabi_mpyi_f5hw</name>
         <value>0x12540</value>
         <object_component_ref idref="oc-453"/>
      </symbol>
      <symbol id="sm-97a">
         <name>__mspabi_mpyl_f5hw</name>
         <value>0x1236e</value>
         <object_component_ref idref="oc-82f"/>
      </symbol>
      <symbol id="sm-98c">
         <name>_stack</name>
         <value>0x4360</value>
         <object_component_ref idref="oc-37d"/>
      </symbol>
      <symbol id="sm-98d">
         <name>_c_int00_noargs</name>
         <value>0x4400</value>
         <object_component_ref idref="oc-3bc"/>
      </symbol>
      <symbol id="sm-98e">
         <name>_reset_vector</name>
         <value>0xfffe</value>
         <object_component_ref idref="oc-380"/>
      </symbol>
      <symbol id="sm-9b1">
         <name>__TI_auto_init_nobinit_nopinit_hold_wdt</name>
         <value>0x11b48</value>
         <object_component_ref idref="oc-4e7"/>
      </symbol>
      <symbol id="sm-9c4">
         <name>__TI_zero_init</name>
         <value>0x12326</value>
         <object_component_ref idref="oc-3b0"/>
      </symbol>
      <symbol id="sm-9cf">
         <name>_system_pre_init</name>
         <value>0x12720</value>
         <object_component_ref idref="oc-417"/>
      </symbol>
      <symbol id="sm-9d8">
         <name>_system_post_cinit</name>
         <value>0x12726</value>
         <object_component_ref idref="oc-5e6"/>
      </symbol>
      <symbol id="sm-9e9">
         <name>__TI_decompress_none</name>
         <value>0x12688</value>
         <object_component_ref idref="oc-73"/>
      </symbol>
      <symbol id="sm-a0c">
         <name>__TI_decompress_lzss</name>
         <value>0x11724</value>
         <object_component_ref idref="oc-6d"/>
      </symbol>
      <symbol id="sm-a1f">
         <name>__mspabi_cvtdf</name>
         <value>0x11420</value>
         <object_component_ref idref="oc-6cb"/>
      </symbol>
      <symbol id="sm-a29">
         <name>C$$EXIT</name>
         <value>0x12712</value>
         <object_component_ref idref="oc-4c3"/>
      </symbol>
      <symbol id="sm-a2a">
         <name>abort</name>
         <value>0x12712</value>
         <object_component_ref idref="oc-4c3"/>
      </symbol>
      <symbol id="sm-a40">
         <name>_nop</name>
         <value>0x12724</value>
         <object_component_ref idref="oc-6fa"/>
      </symbol>
      <symbol id="sm-a41">
         <name>_lock</name>
         <value>0x3e36</value>
         <object_component_ref idref="oc-5d8"/>
      </symbol>
      <symbol id="sm-a42">
         <name>_unlock</name>
         <value>0x3e3a</value>
         <object_component_ref idref="oc-5e1"/>
      </symbol>
      <symbol id="sm-a51">
         <name>memcpy</name>
         <value>0x12674</value>
         <object_component_ref idref="oc-38c"/>
      </symbol>
      <symbol id="sm-a6a">
         <name>rand</name>
         <value>0x11e6e</value>
         <object_component_ref idref="oc-7f4"/>
      </symbol>
      <symbol id="sm-a6b">
         <name>srand</name>
         <value>0x1264a</value>
         <object_component_ref idref="oc-7ee"/>
      </symbol>
      <symbol id="sm-a79">
         <name>strcasecmp</name>
         <value>0x120ce</value>
         <object_component_ref idref="oc-805"/>
      </symbol>
      <symbol id="sm-a87">
         <name>tolower</name>
         <value>0x1269a</value>
         <object_component_ref idref="oc-838"/>
      </symbol>
      <symbol id="sm-a8f">
         <name>__mspabi_slll_9</name>
         <value>0x11fbe</value>
         <object_component_ref idref="oc-790"/>
      </symbol>
      <symbol id="sm-a90">
         <name>__mspabi_slll_8</name>
         <value>0x11fc2</value>
         <object_component_ref idref="oc-790"/>
      </symbol>
      <symbol id="sm-a91">
         <name>__mspabi_slll_7</name>
         <value>0x11fc6</value>
         <object_component_ref idref="oc-790"/>
      </symbol>
      <symbol id="sm-a92">
         <name>__mspabi_slll_6</name>
         <value>0x11fca</value>
         <object_component_ref idref="oc-790"/>
      </symbol>
      <symbol id="sm-a93">
         <name>__mspabi_slll_5</name>
         <value>0x11fce</value>
         <object_component_ref idref="oc-790"/>
      </symbol>
      <symbol id="sm-a94">
         <name>__mspabi_slll_4</name>
         <value>0x11fd2</value>
         <object_component_ref idref="oc-790"/>
      </symbol>
      <symbol id="sm-a95">
         <name>__mspabi_slll_3</name>
         <value>0x11fd6</value>
         <object_component_ref idref="oc-790"/>
      </symbol>
      <symbol id="sm-a96">
         <name>__mspabi_slll_2</name>
         <value>0x11fda</value>
         <object_component_ref idref="oc-790"/>
      </symbol>
      <symbol id="sm-a97">
         <name>__mspabi_slll_1</name>
         <value>0x11fde</value>
         <object_component_ref idref="oc-790"/>
      </symbol>
      <symbol id="sm-a98">
         <name>__mspabi_slll_15</name>
         <value>0x11fa6</value>
         <object_component_ref idref="oc-790"/>
      </symbol>
      <symbol id="sm-a99">
         <name>__mspabi_slll_14</name>
         <value>0x11faa</value>
         <object_component_ref idref="oc-790"/>
      </symbol>
      <symbol id="sm-a9a">
         <name>__mspabi_slll_13</name>
         <value>0x11fae</value>
         <object_component_ref idref="oc-790"/>
      </symbol>
      <symbol id="sm-a9b">
         <name>__mspabi_slll_12</name>
         <value>0x11fb2</value>
         <object_component_ref idref="oc-790"/>
      </symbol>
      <symbol id="sm-a9c">
         <name>__mspabi_slll_11</name>
         <value>0x11fb6</value>
         <object_component_ref idref="oc-790"/>
      </symbol>
      <symbol id="sm-a9d">
         <name>__mspabi_slll_10</name>
         <value>0x11fba</value>
         <object_component_ref idref="oc-790"/>
      </symbol>
      <symbol id="sm-aa9">
         <name>_ctypes_</name>
         <value>0x4560</value>
         <object_component_ref idref="oc-85b"/>
      </symbol>
      <symbol id="sm-aab">
         <name>UART_ReconfigureBaud</name>
         <value>0x10254</value>
      </symbol>
   </symbol_table>
   <title>Link successful</title>
</link_info>
